Archive member included to satisfy reference by file (symbol)

C:/ST/STM32CubeIDE_1.18.1/STM32CubeIDE/plugins/com.st.stm32cube.ide.mcu.externaltools.gnu-tools-for-stm32.13.3.rel1.win32_1.0.0.202411081344/tools/bin/../lib/gcc/arm-none-eabi/13.3.1/../../../../arm-none-eabi/lib/thumb/v7e-m+dp/hard\libc_nano.a(libc_a-exit.o)
                              C:/ST/STM32CubeIDE_1.18.1/STM32CubeIDE/plugins/com.st.stm32cube.ide.mcu.externaltools.gnu-tools-for-stm32.13.3.rel1.win32_1.0.0.202411081344/tools/bin/../lib/gcc/arm-none-eabi/13.3.1/../../../../arm-none-eabi/lib/thumb/v7e-m+dp/hard/crt0.o (exit)
C:/ST/STM32CubeIDE_1.18.1/STM32CubeIDE/plugins/com.st.stm32cube.ide.mcu.externaltools.gnu-tools-for-stm32.13.3.rel1.win32_1.0.0.202411081344/tools/bin/../lib/gcc/arm-none-eabi/13.3.1/../../../../arm-none-eabi/lib/thumb/v7e-m+dp/hard\libc_nano.a(libc_a-findfp.o)
                              C:/ST/STM32CubeIDE_1.18.1/STM32CubeIDE/plugins/com.st.stm32cube.ide.mcu.externaltools.gnu-tools-for-stm32.13.3.rel1.win32_1.0.0.202411081344/tools/bin/../lib/gcc/arm-none-eabi/13.3.1/../../../../arm-none-eabi/lib/thumb/v7e-m+dp/hard\libc_nano.a(libc_a-exit.o) (__stdio_exit_handler)
C:/ST/STM32CubeIDE_1.18.1/STM32CubeIDE/plugins/com.st.stm32cube.ide.mcu.externaltools.gnu-tools-for-stm32.13.3.rel1.win32_1.0.0.202411081344/tools/bin/../lib/gcc/arm-none-eabi/13.3.1/../../../../arm-none-eabi/lib/thumb/v7e-m+dp/hard\libc_nano.a(libc_a-fwalk.o)
                              C:/ST/STM32CubeIDE_1.18.1/STM32CubeIDE/plugins/com.st.stm32cube.ide.mcu.externaltools.gnu-tools-for-stm32.13.3.rel1.win32_1.0.0.202411081344/tools/bin/../lib/gcc/arm-none-eabi/13.3.1/../../../../arm-none-eabi/lib/thumb/v7e-m+dp/hard\libc_nano.a(libc_a-findfp.o) (_fwalk_sglue)
C:/ST/STM32CubeIDE_1.18.1/STM32CubeIDE/plugins/com.st.stm32cube.ide.mcu.externaltools.gnu-tools-for-stm32.13.3.rel1.win32_1.0.0.202411081344/tools/bin/../lib/gcc/arm-none-eabi/13.3.1/../../../../arm-none-eabi/lib/thumb/v7e-m+dp/hard\libc_nano.a(libc_a-stdio.o)
                              C:/ST/STM32CubeIDE_1.18.1/STM32CubeIDE/plugins/com.st.stm32cube.ide.mcu.externaltools.gnu-tools-for-stm32.13.3.rel1.win32_1.0.0.202411081344/tools/bin/../lib/gcc/arm-none-eabi/13.3.1/../../../../arm-none-eabi/lib/thumb/v7e-m+dp/hard\libc_nano.a(libc_a-findfp.o) (__sread)
C:/ST/STM32CubeIDE_1.18.1/STM32CubeIDE/plugins/com.st.stm32cube.ide.mcu.externaltools.gnu-tools-for-stm32.13.3.rel1.win32_1.0.0.202411081344/tools/bin/../lib/gcc/arm-none-eabi/13.3.1/../../../../arm-none-eabi/lib/thumb/v7e-m+dp/hard\libc_nano.a(libc_a-memset.o)
                              C:/ST/STM32CubeIDE_1.18.1/STM32CubeIDE/plugins/com.st.stm32cube.ide.mcu.externaltools.gnu-tools-for-stm32.13.3.rel1.win32_1.0.0.202411081344/tools/bin/../lib/gcc/arm-none-eabi/13.3.1/../../../../arm-none-eabi/lib/thumb/v7e-m+dp/hard/crt0.o (memset)
C:/ST/STM32CubeIDE_1.18.1/STM32CubeIDE/plugins/com.st.stm32cube.ide.mcu.externaltools.gnu-tools-for-stm32.13.3.rel1.win32_1.0.0.202411081344/tools/bin/../lib/gcc/arm-none-eabi/13.3.1/../../../../arm-none-eabi/lib/thumb/v7e-m+dp/hard\libc_nano.a(libc_a-closer.o)
                              C:/ST/STM32CubeIDE_1.18.1/STM32CubeIDE/plugins/com.st.stm32cube.ide.mcu.externaltools.gnu-tools-for-stm32.13.3.rel1.win32_1.0.0.202411081344/tools/bin/../lib/gcc/arm-none-eabi/13.3.1/../../../../arm-none-eabi/lib/thumb/v7e-m+dp/hard\libc_nano.a(libc_a-stdio.o) (_close_r)
C:/ST/STM32CubeIDE_1.18.1/STM32CubeIDE/plugins/com.st.stm32cube.ide.mcu.externaltools.gnu-tools-for-stm32.13.3.rel1.win32_1.0.0.202411081344/tools/bin/../lib/gcc/arm-none-eabi/13.3.1/../../../../arm-none-eabi/lib/thumb/v7e-m+dp/hard\libc_nano.a(libc_a-reent.o)
                              C:/ST/STM32CubeIDE_1.18.1/STM32CubeIDE/plugins/com.st.stm32cube.ide.mcu.externaltools.gnu-tools-for-stm32.13.3.rel1.win32_1.0.0.202411081344/tools/bin/../lib/gcc/arm-none-eabi/13.3.1/../../../../arm-none-eabi/lib/thumb/v7e-m+dp/hard\libc_nano.a(libc_a-closer.o) (errno)
C:/ST/STM32CubeIDE_1.18.1/STM32CubeIDE/plugins/com.st.stm32cube.ide.mcu.externaltools.gnu-tools-for-stm32.13.3.rel1.win32_1.0.0.202411081344/tools/bin/../lib/gcc/arm-none-eabi/13.3.1/../../../../arm-none-eabi/lib/thumb/v7e-m+dp/hard\libc_nano.a(libc_a-impure.o)
                              C:/ST/STM32CubeIDE_1.18.1/STM32CubeIDE/plugins/com.st.stm32cube.ide.mcu.externaltools.gnu-tools-for-stm32.13.3.rel1.win32_1.0.0.202411081344/tools/bin/../lib/gcc/arm-none-eabi/13.3.1/../../../../arm-none-eabi/lib/thumb/v7e-m+dp/hard\libc_nano.a(libc_a-reent.o) (_impure_ptr)
C:/ST/STM32CubeIDE_1.18.1/STM32CubeIDE/plugins/com.st.stm32cube.ide.mcu.externaltools.gnu-tools-for-stm32.13.3.rel1.win32_1.0.0.202411081344/tools/bin/../lib/gcc/arm-none-eabi/13.3.1/../../../../arm-none-eabi/lib/thumb/v7e-m+dp/hard\libc_nano.a(libc_a-lseekr.o)
[...]
Memory Configuration

Name             Origin             Length             Attributes
RAM_D1           0x24000000         0x00080000         xrw
FLASH            0x08000000         0x00100000         xr
DTCMRAM          0x20000000         0x00020000         xrw
RAM_D2           0x30000000         0x00048000         xrw
RAM_D3           0x38000000         0x00010000         xrw
ITCMRAM          0x00000000         0x00010000         xrw
*default*        0x00000000         0xffffffff

Linker script and memory map

LOAD C:/ST/STM32CubeIDE_1.18.1/STM32CubeIDE/plugins/com.st.stm32cube.ide.mcu.externaltools.gnu-tools-for-stm32.13.3.rel1.win32_1.0.0.202411081344/tools/bin/../lib/gcc/arm-none-eabi/13.3.1/thumb/v7e-m+dp/hard/crti.o
LOAD C:/ST/STM32CubeIDE_1.18.1/STM32CubeIDE/plugins/com.st.stm32cube.ide.mcu.externaltools.gnu-tools-for-stm32.13.3.rel1.win32_1.0.0.202411081344/tools/bin/../lib/gcc/arm-none-eabi/13.3.1/thumb/v7e-m+dp/hard/crtbegin.o
LOAD C:/ST/STM32CubeIDE_1.18.1/STM32CubeIDE/plugins/com.st.stm32cube.ide.mcu.externaltools.gnu-tools-for-stm32.13.3.rel1.win32_1.0.0.202411081344/tools/bin/../lib/gcc/arm-none-eabi/13.3.1/../../../../arm-none-eabi/lib/thumb/v7e-m+dp/hard/crt0.o
LOAD ./Common/Src/system_stm32h7xx_dualcore_boot_cm4_cm7.o
LOAD ./Core/Src/ADIS1647.o
LOAD ./Core/Src/DataConverter.o
LOAD ./Core/Src/MS5607SPI.o
LOAD ./Core/Src/MS5611.o
LOAD ./Core/Src/W25Qxx.o
LOAD ./Core/Src/ahrs_hal.o
LOAD ./Core/Src/driver_icm20689.o
LOAD ./Core/Src/gpio.o
LOAD ./Core/Src/i2c.o
LOAD ./Core/Src/icm42688_hal.o
LOAD ./Core/Src/iis2mdc.o
LOAD ./Core/Src/iis2mdc_reg.o
LOAD ./Core/Src/main.o
LOAD ./Core/Src/memorymap.o
LOAD ./Core/Src/sdmmc.o
LOAD ./Core/Src/spi.o
LOAD ./Core/Src/stm32h7xx_hal_msp.o
LOAD ./Core/Src/stm32h7xx_it.o
LOAD ./Core/Src/syscalls.o
LOAD ./Core/Src/sysmem.o
LOAD ./Core/Src/tim.o
LOAD ./Core/Src/usart.o
LOAD ./Core/Src/usb_otg.o
LOAD ./Core/Startup/startup_stm32h757iitx.o
LOAD ./Drivers/STM32H7xx_HAL_Driver/stm32h7xx_hal.o
LOAD ./Drivers/STM32H7xx_HAL_Driver/stm32h7xx_hal_cortex.o
LOAD ./Drivers/STM32H7xx_HAL_Driver/stm32h7xx_hal_dma.o
LOAD ./Drivers/STM32H7xx_HAL_Driver/stm32h7xx_hal_dma_ex.o
LOAD ./Drivers/STM32H7xx_HAL_Driver/stm32h7xx_hal_exti.o
LOAD ./Drivers/STM32H7xx_HAL_Driver/stm32h7xx_hal_flash.o
LOAD ./Drivers/STM32H7xx_HAL_Driver/stm32h7xx_hal_flash_ex.o
LOAD ./Drivers/STM32H7xx_HAL_Driver/stm32h7xx_hal_gpio.o
LOAD ./Drivers/STM32H7xx_HAL_Driver/stm32h7xx_hal_hsem.o
LOAD ./Drivers/STM32H7xx_HAL_Driver/stm32h7xx_hal_i2c.o
LOAD ./Drivers/STM32H7xx_HAL_Driver/stm32h7xx_hal_i2c_ex.o
LOAD ./Drivers/STM32H7xx_HAL_Driver/stm32h7xx_hal_mdma.o
LOAD ./Drivers/STM32H7xx_HAL_Driver/stm32h7xx_hal_mmc.o
LOAD ./Drivers/STM32H7xx_HAL_Driver/stm32h7xx_hal_mmc_ex.o
LOAD ./Drivers/STM32H7xx_HAL_Driver/stm32h7xx_hal_pcd.o
LOAD ./Drivers/STM32H7xx_HAL_Driver/stm32h7xx_hal_pcd_ex.o
LOAD ./Drivers/STM32H7xx_HAL_Driver/stm32h7xx_hal_pwr.o
LOAD ./Drivers/STM32H7xx_HAL_Driver/stm32h7xx_hal_pwr_ex.o
LOAD ./Drivers/STM32H7xx_HAL_Driver/stm32h7xx_hal_rcc.o
LOAD ./Drivers/STM32H7xx_HAL_Driver/stm32h7xx_hal_rcc_ex.o
LOAD ./Drivers/STM32H7xx_HAL_Driver/stm32h7xx_hal_sd.o
LOAD ./Drivers/STM32H7xx_HAL_Driver/stm32h7xx_hal_sd_ex.o
LOAD ./Drivers/STM32H7xx_HAL_Driver/stm32h7xx_hal_spi.o
LOAD ./Drivers/STM32H7xx_HAL_Driver/stm32h7xx_hal_spi_ex.o
LOAD ./Drivers/STM32H7xx_HAL_Driver/stm32h7xx_hal_tim.o
LOAD ./Drivers/STM32H7xx_HAL_Driver/stm32h7xx_hal_tim_ex.o
LOAD ./Drivers/STM32H7xx_HAL_Driver/stm32h7xx_hal_uart.o
LOAD ./Drivers/STM32H7xx_HAL_Driver/stm32h7xx_hal_uart_ex.o
LOAD ./Drivers/STM32H7xx_HAL_Driver/stm32h7xx_ll_delayblock.o
LOAD ./Drivers/STM32H7xx_HAL_Driver/stm32h7xx_ll_sdmmc.o
LOAD ./Drivers/STM32H7xx_HAL_Driver/stm32h7xx_ll_usb.o
LOAD ./FATFS/App/fatfs.o
LOAD ./FATFS/Target/bsp_driver_sd.o
LOAD ./FATFS/Target/fatfs_platform.o
LOAD ./FATFS/Target/sd_diskio.o
LOAD ./Middlewares/Third_Party/FatFs/diskio.o
LOAD ./Middlewares/Third_Party/FatFs/ff.o
LOAD ./Middlewares/Third_Party/FatFs/ff_gen_drv.o
LOAD ./Middlewares/Third_Party/FatFs/syscall.o
START GROUP
LOAD C:/ST/STM32CubeIDE_1.18.1/STM32CubeIDE/plugins/com.st.stm32cube.ide.mcu.externaltools.gnu-tools-for-stm32.13.3.rel1.win32_1.0.0.202411081344/tools/bin/../lib/gcc/arm-none-eabi/13.3.1/../../../../arm-none-eabi/lib/thumb/v7e-m+dp/hard\libc_nano.a
LOAD C:/ST/STM32CubeIDE_1.18.1/STM32CubeIDE/plugins/com.st.stm32cube.ide.mcu.externaltools.gnu-tools-for-stm32.13.3.rel1.win32_1.0.0.202411081344/tools/bin/../lib/gcc/arm-none-eabi/13.3.1/../../../../arm-none-eabi/lib/thumb/v7e-m+dp/hard\libm.a
END GROUP
START GROUP
LOAD C:/ST/STM32CubeIDE_1.18.1/STM32CubeIDE/plugins/com.st.stm32cube.ide.mcu.externaltools.gnu-tools-for-stm32.13.3.rel1.win32_1.0.0.202411081344/tools/bin/../lib/gcc/arm-none-eabi/13.3.1/thumb/v7e-m+dp/hard\libgcc.a
LOAD C:/ST/STM32CubeIDE_1.18.1/STM32CubeIDE/plugins/com.st.stm32cube.ide.mcu.externaltools.gnu-tools-for-stm32.13.3.rel1.win32_1.0.0.202411081344/tools/bin/../lib/gcc/arm-none-eabi/13.3.1/../../../../arm-none-eabi/lib/thumb/v7e-m+dp/hard\libc_nano.a
END GROUP
START GROUP
LOAD C:/ST/STM32CubeIDE_1.18.1/STM32CubeIDE/plugins/com.st.stm32cube.ide.mcu.externaltools.gnu-tools-for-stm32.13.3.rel1.win32_1.0.0.202411081344/tools/bin/../lib/gcc/arm-none-eabi/13.3.1/thumb/v7e-m+dp/hard\libgcc.a
LOAD C:/ST/STM32CubeIDE_1.18.1/STM32CubeIDE/plugins/com.st.stm32cube.ide.mcu.externaltools.gnu-tools-for-stm32.13.3.rel1.win32_1.0.0.202411081344/tools/bin/../lib/gcc/arm-none-eabi/13.3.1/../../../../arm-none-eabi/lib/thumb/v7e-m+dp/hard\libc_nano.a
LOAD C:/ST/STM32CubeIDE_1.18.1/STM32CubeIDE/plugins/com.st.stm32cube.ide.mcu.externaltools.gnu-tools-for-stm32.13.3.rel1.win32_1.0.0.202411081344/tools/bin/../lib/gcc/arm-none-eabi/13.3.1/../../../../arm-none-eabi/lib/thumb/v7e-m+dp/hard\libnosys.a
END GROUP
START GROUP
LOAD C:/ST/STM32CubeIDE_1.18.1/STM32CubeIDE/plugins/com.st.stm32cube.ide.mcu.externaltools.gnu-tools-for-stm32.13.3.rel1.win32_1.0.0.202411081344/tools/bin/../lib/gcc/arm-none-eabi/13.3.1/thumb/v7e-m+dp/hard\libgcc.a
LOAD C:/ST/STM32CubeIDE_1.18.1/STM32CubeIDE/plugins/com.st.stm32cube.ide.mcu.externaltools.gnu-tools-for-stm32.13.3.rel1.win32_1.0.0.202411081344/tools/bin/../lib/gcc/arm-none-eabi/13.3.1/../../../../arm-none-eabi/lib/thumb/v7e-m+dp/hard\libc_nano.a
LOAD C:/ST/STM32CubeIDE_1.18.1/STM32CubeIDE/plugins/com.st.stm32cube.ide.mcu.externaltools.gnu-tools-for-stm32.13.3.rel1.win32_1.0.0.202411081344/tools/bin/../lib/gcc/arm-none-eabi/13.3.1/../../../../arm-none-eabi/lib/thumb/v7e-m+dp/hard\libnosys.a
END GROUP
LOAD C:/ST/STM32CubeIDE_1.18.1/STM32CubeIDE/plugins/com.st.stm32cube.ide.mcu.externaltools.gnu-tools-for-stm32.13.3.rel1.win32_1.0.0.202411081344/tools/bin/../lib/gcc/arm-none-eabi/13.3.1/thumb/v7e-m+dp/hard/crtend.o
LOAD C:/ST/STM32CubeIDE_1.18.1/STM32CubeIDE/plugins/com.st.stm32cube.ide.mcu.externaltools.gnu-tools-for-stm32.13.3.rel1.win32_1.0.0.202411081344/tools/bin/../lib/gcc/arm-none-eabi/13.3.1/thumb/v7e-m+dp/hard/crtn.o
                0x24080000                        _estack = (ORIGIN (RAM_D1) + LENGTH (RAM_D1))
                0x00000200                        _Min_Heap_Size = 0x200
                0x00000400                        _Min_Stack_Size = 0x400

.isr_vector     0x08000000      0x298
                0x08000000                        . = ALIGN (0x4)
 *(.isr_vector)
 .isr_vector    0x08000000      0x298 ./Core/Startup/startup_stm32h757iitx.o
                0x08000000                g_pfnVectors
                0x08000298                        . = ALIGN (0x4)

.text           0x08000298     0xc65c
                0x08000298                        . = ALIGN (0x4)
 *(.text)
 .text          0x08000298       0x40 C:/ST/STM32CubeIDE_1.18.1/STM32CubeIDE/plugins/com.st.stm32cube.ide.mcu.externaltools.gnu-tools-for-stm32.13.3.rel1.win32_1.0.0.202411081344/tools/bin/../lib/gcc/arm-none-eabi/13.3.1/thumb/v7e-m+dp/hard/crtbegin.o
 .text          0x080002d8       0x30 C:/ST/STM32CubeIDE_1.18.1/STM32CubeIDE/plugins/com.st.stm32cube.ide.mcu.externaltools.gnu-tools-for-stm32.13.3.rel1.win32_1.0.0.202411081344/tools/bin/../lib/gcc/arm-none-eabi/13.3.1/thumb/v7e-m+dp/hard\libgcc.a(_aeabi_uldivmod.o)
                0x080002d8                __aeabi_uldivmod
 .text          0x08000308      0x2f8 C:/ST/STM32CubeIDE_1.18.1/STM32CubeIDE/plugins/com.st.stm32cube.ide.mcu.externaltools.gnu-tools-for-stm32.13.3.rel1.win32_1.0.0.202411081344/tools/bin/../lib/gcc/arm-none-eabi/13.3.1/thumb/v7e-m+dp/hard\libgcc.a(_udivmoddi4.o)
                0x08000308                __udivmoddi4
 .text          0x08000600        0x4 C:/ST/STM32CubeIDE_1.18.1/STM32CubeIDE/plugins/com.st.stm32cube.ide.mcu.externaltools.gnu-tools-for-stm32.13.3.rel1.win32_1.0.0.202411081344/tools/bin/../lib/gcc/arm-none-eabi/13.3.1/thumb/v7e-m+dp/hard\libgcc.a(_dvmd_tls.o)
                0x08000600                __aeabi_idiv0
                0x08000600                __aeabi_ldiv0
 *(.text*)
 .text.SystemInit
                0x08000604      0x15c ./Common/Src/system_stm32h7xx_dualcore_boot_cm4_cm7.o
                0x08000604                SystemInit
 .text.ExitRun0Mode
                0x08000760       0x34 ./Common/Src/system_stm32h7xx_dualcore_boot_cm4_cm7.o
                0x08000760                ExitRun0Mode
 .text.MX_GPIO_Init
                0x08000794      0x310 ./Core/Src/gpio.o
                0x08000794                MX_GPIO_Init
 .text.MX_I2C1_Init
                0x08000aa4       0x80 ./Core/Src/i2c.o
                0x08000aa4                MX_I2C1_Init
 .text.MX_I2C2_Init
                0x08000b24       0x80 ./Core/Src/i2c.o
                0x08000b24                MX_I2C2_Init
 .text.MX_I2C4_Init
                0x08000ba4       0x80 ./Core/Src/i2c.o
                0x08000ba4                MX_I2C4_Init
 .text.HAL_I2C_MspInit
                0x08000c24      0x210 ./Core/Src/i2c.o
                0x08000c24                HAL_I2C_MspInit
 .text.main     0x08000e34       0xfc ./Core/Src/main.o
                0x08000e34                main
 .text.SystemClock_Config
                0x08000f30       0xf4 ./Core/Src/main.o
                0x08000f30                SystemClock_Config
 .text.MPU_Config
                0x08001024       0x58 ./Core/Src/main.o
 .text.Error_Handler
                0x0800107c        0xc ./Core/Src/main.o
                0x0800107c                Error_Handler
 .text.MX_SDMMC1_SD_Init
                0x08001088       0x48 ./Core/Src/sdmmc.o
                0x08001088                MX_SDMMC1_SD_Init
 .text.HAL_SD_MspInit
                0x080010d0      0x11c ./Core/Src/sdmmc.o
                0x080010d0                HAL_SD_MspInit
 .text.MX_SPI1_Init
                0x080011ec       0xac ./Core/Src/spi.o
                0x080011ec                MX_SPI1_Init
 .text.MX_SPI2_Init
                0x08001298       0xac ./Core/Src/spi.o
                0x08001298                MX_SPI2_Init
 .text.MX_SPI4_Init
                0x08001344       0xac ./Core/Src/spi.o
                0x08001344                MX_SPI4_Init
 .text.MX_SPI5_Init
                0x080013f0       0xac ./Core/Src/spi.o
                0x080013f0                MX_SPI5_Init
 .text.MX_SPI6_Init
                0x0800149c       0xac ./Core/Src/spi.o
                0x0800149c                MX_SPI6_Init
 .text.HAL_SPI_MspInit
                0x08001548      0x3bc ./Core/Src/spi.o
                0x08001548                HAL_SPI_MspInit
 .text.HAL_MspInit
                0x08001904       0x34 ./Core/Src/stm32h7xx_hal_msp.o
                0x08001904                HAL_MspInit
 .text.NMI_Handler
                0x08001938        0x8 ./Core/Src/stm32h7xx_it.o
                0x08001938                NMI_Handler
 .text.HardFault_Handler
                0x08001940        0x8 ./Core/Src/stm32h7xx_it.o
                0x08001940                HardFault_Handler
 .text.MemManage_Handler
                0x08001948        0x8 ./Core/Src/stm32h7xx_it.o
                0x08001948                MemManage_Handler
 .text.BusFault_Handler
                0x08001950        0x8 ./Core/Src/stm32h7xx_it.o
                0x08001950                BusFault_Handler
 .text.UsageFault_Handler
                0x08001958        0x8 ./Core/Src/stm32h7xx_it.o
                0x08001958                UsageFault_Handler
 .text.SVC_Handler
                0x08001960        0xe ./Core/Src/stm32h7xx_it.o
                0x08001960                SVC_Handler
 .text.DebugMon_Handler
                0x0800196e        0xe ./Core/Src/stm32h7xx_it.o
                0x0800196e                DebugMon_Handler
 .text.PendSV_Handler
                0x0800197c        0xe ./Core/Src/stm32h7xx_it.o
                0x0800197c                PendSV_Handler
 .text.SysTick_Handler
                0x0800198a        0xc ./Core/Src/stm32h7xx_it.o
                0x0800198a                SysTick_Handler
 *fill*         0x08001996        0x2 
 .text.MX_TIM1_Init
                0x08001998      0x1a0 ./Core/Src/tim.o
                0x08001998                MX_TIM1_Init
 .text.MX_TIM2_Init
                0x08001b38      0x104 ./Core/Src/tim.o
                0x08001b38                MX_TIM2_Init
 .text.MX_TIM3_Init
                0x08001c3c      0x130 ./Core/Src/tim.o
                0x08001c3c                MX_TIM3_Init
 .text.MX_TIM4_Init
                0x08001d6c      0x11c ./Core/Src/tim.o
                0x08001d6c                MX_TIM4_Init
 .text.MX_TIM16_Init
                0x08001e88       0xf4 ./Core/Src/tim.o
                0x08001e88                MX_TIM16_Init
 .text.HAL_TIM_Base_MspInit
                0x08001f7c       0xf8 ./Core/Src/tim.o
                0x08001f7c                HAL_TIM_Base_MspInit
 .text.HAL_TIM_MspPostInit
                0x08002074      0x23c ./Core/Src/tim.o
                0x08002074                HAL_TIM_MspPostInit
 .text.MX_UART4_Init
                0x080022b0       0x98 ./Core/Src/usart.o
                0x080022b0                MX_UART4_Init
 .text.MX_UART5_Init
                0x08002348       0x98 ./Core/Src/usart.o
                0x08002348                MX_UART5_Init
 .text.MX_UART7_Init
                0x080023e0       0x98 ./Core/Src/usart.o
                0x080023e0                MX_UART7_Init
 .text.MX_UART8_Init
                0x08002478       0x98 ./Core/Src/usart.o
                0x08002478                MX_UART8_Init
 .text.MX_USART1_UART_Init
                0x08002510       0x98 ./Core/Src/usart.o
                0x08002510                MX_USART1_UART_Init
 .text.MX_USART2_UART_Init
                0x080025a8       0x9c ./Core/Src/usart.o
                0x080025a8                MX_USART2_UART_Init
 .text.MX_USART3_UART_Init
                0x08002644       0x9c ./Core/Src/usart.o
                0x08002644                MX_USART3_UART_Init
 .text.MX_USART6_UART_Init
                0x080026e0       0x98 ./Core/Src/usart.o
                0x080026e0                MX_USART6_UART_Init
 .text.HAL_UART_MspInit
                0x08002778      0x610 ./Core/Src/usart.o
                0x08002778                HAL_UART_MspInit
 .text.MX_USB_OTG_FS_PCD_Init
                0x08002d88       0x64 ./Core/Src/usb_otg.o
                0x08002d88                MX_USB_OTG_FS_PCD_Init
 .text.HAL_PCD_MspInit
                0x08002dec       0xd8 ./Core/Src/usb_otg.o
                0x08002dec                HAL_PCD_MspInit
 .text.Reset_Handler
                0x08002ec4       0x54 ./Core/Startup/startup_stm32h757iitx.o
                0x08002ec4                Reset_Handler
 .text.Default_Handler
                0x08002f18        0x2 ./Core/Startup/startup_stm32h757iitx.o
                0x08002f18                RTC_Alarm_IRQHandler
                0x08002f18                HASH_RNG_IRQHandler
                0x08002f18                EXTI2_IRQHandler
                0x08002f18                TIM8_CC_IRQHandler
                0x08002f18                HRTIM1_Master_IRQHandler
                0x08002f18                UART8_IRQHandler
                0x08002f18                SPI4_IRQHandler
                0x08002f18                TIM1_CC_IRQHandler
                0x08002f18                BDMA_Channel6_IRQHandler
                0x08002f18                DMA2_Stream5_IRQHandler
                0x08002f18                HRTIM1_FLT_IRQHandler
                0x08002f18                JPEG_IRQHandler
                0x08002f18                DMA1_Stream5_IRQHandler
                0x08002f18                BDMA_Channel1_IRQHandler
                0x08002f18                HRTIM1_TIMD_IRQHandler
                0x08002f18                TAMP_STAMP_IRQHandler
                0x08002f18                EXTI3_IRQHandler
                0x08002f18                LPTIM4_IRQHandler
                0x08002f18                TIM8_TRG_COM_TIM14_IRQHandler
                0x08002f18                LPTIM2_IRQHandler
                0x08002f18                DFSDM1_FLT1_IRQHandler
                0x08002f18                DMAMUX2_OVR_IRQHandler
                0x08002f18                TIM8_UP_TIM13_IRQHandler
                0x08002f18                I2C3_ER_IRQHandler
                0x08002f18                DFSDM1_FLT2_IRQHandler
                0x08002f18                MDMA_IRQHandler
                0x08002f18                LPTIM3_IRQHandler
                0x08002f18                HSEM1_IRQHandler
                0x08002f18                EXTI0_IRQHandler
                0x08002f18                I2C2_EV_IRQHandler
                0x08002f18                DMA1_Stream2_IRQHandler
                0x08002f18                FPU_IRQHandler
                0x08002f18                OTG_HS_WKUP_IRQHandler
                0x08002f18                FDCAN1_IT1_IRQHandler
                0x08002f18                LTDC_ER_IRQHandler
                0x08002f18                DMA2_Stream2_IRQHandler
                0x08002f18                HRTIM1_TIME_IRQHandler
                0x08002f18                SPI1_IRQHandler
                0x08002f18                TIM6_DAC_IRQHandler
                0x08002f18                DCMI_IRQHandler
                0x08002f18                HRTIM1_TIMC_IRQHandler
                0x08002f18                DMA2_Stream3_IRQHandler
                0x08002f18                SAI2_IRQHandler
                0x08002f18                DFSDM1_FLT3_IRQHandler
                0x08002f18                USART6_IRQHandler
                0x08002f18                TIM17_IRQHandler
                0x08002f18                USART3_IRQHandler
                0x08002f18                BDMA_Channel7_IRQHandler
                0x08002f18                CRYP_IRQHandler
                0x08002f18                LPTIM5_IRQHandler
                0x08002f18                UART5_IRQHandler
                0x08002f18                ADC3_IRQHandler
                0x08002f18                DMA2_Stream0_IRQHandler
                0x08002f18                TIM4_IRQHandler
                0x08002f18                BDMA_Channel2_IRQHandler
                0x08002f18                QUADSPI_IRQHandler
                0x08002f18                I2C1_EV_IRQHandler
                0x08002f18                DMA1_Stream6_IRQHandler
                0x08002f18                DMAMUX1_OVR_IRQHandler
                0x08002f18                DMA1_Stream1_IRQHandler
                0x08002f18                TIM16_IRQHandler
                0x08002f18                UART4_IRQHandler
                0x08002f18                BDMA_Channel5_IRQHandler
                0x08002f18                TIM3_IRQHandler
                0x08002f18                RCC_IRQHandler
                0x08002f18                TIM8_BRK_TIM12_IRQHandler
                0x08002f18                TIM1_TRG_COM_IRQHandler
                0x08002f18                Default_Handler
                0x08002f18                ECC_IRQHandler
                0x08002f18                CEC_IRQHandler
                0x08002f18                EXTI15_10_IRQHandler
                0x08002f18                BDMA_Channel0_IRQHandler
                0x08002f18                ADC_IRQHandler
                0x08002f18                DMA1_Stream7_IRQHandler
                0x08002f18                HRTIM1_TIMA_IRQHandler
                0x08002f18                SPI5_IRQHandler
                0x08002f18                TIM7_IRQHandler
                0x08002f18                SDMMC1_IRQHandler
                0x08002f18                TIM5_IRQHandler
                0x08002f18                DMA2_Stream7_IRQHandler
                0x08002f18                TIM15_IRQHandler
                0x08002f18                PVD_AVD_IRQHandler
                0x08002f18                I2C3_EV_IRQHandler
                0x08002f18                EXTI9_5_IRQHandler
                0x08002f18                RTC_WKUP_IRQHandler
                0x08002f18                LTDC_IRQHandler
                0x08002f18                SAI3_IRQHandler
                0x08002f18                ETH_WKUP_IRQHandler
                0x08002f18                SPDIF_RX_IRQHandler
                0x08002f18                SPI2_IRQHandler
                0x08002f18                OTG_HS_EP1_IN_IRQHandler
                0x08002f18                DMA1_Stream0_IRQHandler
                0x08002f18                CRS_IRQHandler
                0x08002f18                CM7_SEV_IRQHandler
                0x08002f18                EXTI4_IRQHandler
                0x08002f18                CM4_SEV_IRQHandler
                0x08002f18                HRTIM1_TIMB_IRQHandler
                0x08002f18                FDCAN2_IT1_IRQHandler
                0x08002f18                DSI_IRQHandler
                0x08002f18                ETH_IRQHandler
                0x08002f18                TIM1_UP_IRQHandler
                0x08002f18                WWDG_RST_IRQHandler
                0x08002f18                BDMA_Channel4_IRQHandler
                0x08002f18                OTG_HS_EP1_OUT_IRQHandler
                0x08002f18                WWDG_IRQHandler
                0x08002f18                SPI6_IRQHandler
                0x08002f18                MDIOS_IRQHandler
                0x08002f18                I2C4_EV_IRQHandler
                0x08002f18                FDCAN2_IT0_IRQHandler
                0x08002f18                LPUART1_IRQHandler
                0x08002f18                FDCAN1_IT0_IRQHandler
                0x08002f18                TIM2_IRQHandler
                0x08002f18                OTG_FS_WKUP_IRQHandler
                0x08002f18                OTG_HS_IRQHandler
                0x08002f18                HSEM2_IRQHandler
                0x08002f18                DMA2D_IRQHandler
                0x08002f18                TIM1_BRK_IRQHandler
                0x08002f18                EXTI1_IRQHandler
                0x08002f18                SDMMC2_IRQHandler
                0x08002f18                OTG_FS_EP1_OUT_IRQHandler
                0x08002f18                BDMA_Channel3_IRQHandler
                0x08002f18                HOLD_CORE_IRQHandler
                0x08002f18                UART7_IRQHandler
                0x08002f18                MDIOS_WKUP_IRQHandler
                0x08002f18                USART2_IRQHandler
                0x08002f18                DFSDM1_FLT0_IRQHandler
                0x08002f18                SAI4_IRQHandler
                0x08002f18                I2C2_ER_IRQHandler
                0x08002f18                DMA2_Stream1_IRQHandler
                0x08002f18                FLASH_IRQHandler
                0x08002f18                DMA2_Stream4_IRQHandler
                0x08002f18                USART1_IRQHandler
                0x08002f18                OTG_FS_IRQHandler
                0x08002f18                SPI3_IRQHandler
                0x08002f18                WAKEUP_PIN_IRQHandler
                0x08002f18                DMA1_Stream4_IRQHandler
                0x08002f18                OTG_FS_EP1_IN_IRQHandler
                0x08002f18                I2C1_ER_IRQHandler
                0x08002f18                FMC_IRQHandler
                0x08002f18                FDCAN_CAL_IRQHandler
                0x08002f18                SWPMI1_IRQHandler
                0x08002f18                COMP1_IRQHandler
                0x08002f18                LPTIM1_IRQHandler
                0x08002f18                I2C4_ER_IRQHandler
                0x08002f18                DMA2_Stream6_IRQHandler
                0x08002f18                SAI1_IRQHandler
                0x08002f18                DMA1_Stream3_IRQHandler
 *fill*         0x08002f1a        0x2 
 .text.HAL_Init
                0x08002f1c       0x78 ./Drivers/STM32H7xx_HAL_Driver/stm32h7xx_hal.o
                0x08002f1c                HAL_Init
 .text.HAL_InitTick
                0x08002f94       0x6c ./Drivers/STM32H7xx_HAL_Driver/stm32h7xx_hal.o
                0x08002f94                HAL_InitTick
 .text.HAL_IncTick
                0x08003000       0x28 ./Drivers/STM32H7xx_HAL_Driver/stm32h7xx_hal.o
                0x08003000                HAL_IncTick
 .text.HAL_GetTick
                0x08003028       0x18 ./Drivers/STM32H7xx_HAL_Driver/stm32h7xx_hal.o
                0x08003028                HAL_GetTick
 .text.HAL_Delay
                0x08003040       0x48 ./Drivers/STM32H7xx_HAL_Driver/stm32h7xx_hal.o
                0x08003040                HAL_Delay
 .text.HAL_GetREVID
                0x08003088       0x18 ./Drivers/STM32H7xx_HAL_Driver/stm32h7xx_hal.o
                0x08003088                HAL_GetREVID
 .text.HAL_SYSCFG_AnalogSwitchConfig
                0x080030a0       0x2c ./Drivers/STM32H7xx_HAL_Driver/stm32h7xx_hal.o
                0x080030a0                HAL_SYSCFG_AnalogSwitchConfig
 .text.__NVIC_SetPriorityGrouping
                0x080030cc       0x48 ./Drivers/STM32H7xx_HAL_Driver/stm32h7xx_hal_cortex.o
 .text.__NVIC_GetPriorityGrouping
                0x08003114       0x1c ./Drivers/STM32H7xx_HAL_Driver/stm32h7xx_hal_cortex.o
 .text.__NVIC_SetPriority
                0x08003130       0x54 ./Drivers/STM32H7xx_HAL_Driver/stm32h7xx_hal_cortex.o
 .text.NVIC_EncodePriority
                0x08003184       0x66 ./Drivers/STM32H7xx_HAL_Driver/stm32h7xx_hal_cortex.o
 *fill*         0x080031ea        0x2 
 .text.SysTick_Config
                0x080031ec       0x44 ./Drivers/STM32H7xx_HAL_Driver/stm32h7xx_hal_cortex.o
 .text.HAL_NVIC_SetPriorityGrouping
                0x08003230       0x16 ./Drivers/STM32H7xx_HAL_Driver/stm32h7xx_hal_cortex.o
                0x08003230                HAL_NVIC_SetPriorityGrouping
 .text.HAL_NVIC_SetPriority
                0x08003246       0x34 ./Drivers/STM32H7xx_HAL_Driver/stm32h7xx_hal_cortex.o
                0x08003246                HAL_NVIC_SetPriority
 .text.HAL_SYSTICK_Config
                0x0800327a       0x18 ./Drivers/STM32H7xx_HAL_Driver/stm32h7xx_hal_cortex.o
                0x0800327a                HAL_SYSTICK_Config
 *fill*         0x08003292        0x2 
 .text.HAL_MPU_Disable
                0x08003294       0x30 ./Drivers/STM32H7xx_HAL_Driver/stm32h7xx_hal_cortex.o
                0x08003294                HAL_MPU_Disable
 .text.HAL_MPU_Enable
                0x080032c4       0x40 ./Drivers/STM32H7xx_HAL_Driver/stm32h7xx_hal_cortex.o
                0x080032c4                HAL_MPU_Enable
 .text.HAL_MPU_ConfigRegion
                0x08003304       0x80 ./Drivers/STM32H7xx_HAL_Driver/stm32h7xx_hal_cortex.o
                0x08003304                HAL_MPU_ConfigRegion
 .text.HAL_GPIO_Init
                0x08003384      0x360 ./Drivers/STM32H7xx_HAL_Driver/stm32h7xx_hal_gpio.o
                0x08003384                HAL_GPIO_Init
 .text.HAL_GPIO_ReadPin
                0x080036e4       0x30 ./Drivers/STM32H7xx_HAL_Driver/stm32h7xx_hal_gpio.o
                0x080036e4                HAL_GPIO_ReadPin
 .text.HAL_GPIO_WritePin
                0x08003714       0x32 ./Drivers/STM32H7xx_HAL_Driver/stm32h7xx_hal_gpio.o
                0x08003714                HAL_GPIO_WritePin
 *fill*         0x08003746        0x2 
 .text.HAL_HSEM_FastTake
                0x08003748       0x34 ./Drivers/STM32H7xx_HAL_Driver/stm32h7xx_hal_hsem.o
                0x08003748                HAL_HSEM_FastTake
 .text.HAL_HSEM_Release
                0x0800377c       0x28 ./Drivers/STM32H7xx_HAL_Driver/stm32h7xx_hal_hsem.o
                0x0800377c                HAL_HSEM_Release
 .text.HAL_I2C_Init
                0x080037a4      0x138 ./Drivers/STM32H7xx_HAL_Driver/stm32h7xx_hal_i2c.o
                0x080037a4                HAL_I2C_Init
 .text.HAL_I2CEx_ConfigAnalogFilter
                0x080038dc       0x96 ./Drivers/STM32H7xx_HAL_Driver/stm32h7xx_hal_i2c_ex.o
                0x080038dc                HAL_I2CEx_ConfigAnalogFilter
 .text.HAL_I2CEx_ConfigDigitalFilter
                0x08003972       0x98 ./Drivers/STM32H7xx_HAL_Driver/stm32h7xx_hal_i2c_ex.o
                0x08003972                HAL_I2CEx_ConfigDigitalFilter
 .text.HAL_PCD_Init
                0x08003a0a      0x218 ./Drivers/STM32H7xx_HAL_Driver/stm32h7xx_hal_pcd.o
                0x08003a0a                HAL_PCD_Init
 *fill*         0x08003c22        0x2 
 .text.HAL_PCDEx_ActivateLPM
                0x08003c24       0x48 ./Drivers/STM32H7xx_HAL_Driver/stm32h7xx_hal_pcd_ex.o
                0x08003c24                HAL_PCDEx_ActivateLPM
 .text.HAL_PWREx_ConfigSupply
                0x08003c6c       0xb4 ./Drivers/STM32H7xx_HAL_Driver/stm32h7xx_hal_pwr_ex.o
                0x08003c6c                HAL_PWREx_ConfigSupply
 .text.HAL_PWREx_EnableUSBVoltageDetector
                0x08003d20       0x20 ./Drivers/STM32H7xx_HAL_Driver/stm32h7xx_hal_pwr_ex.o
                0x08003d20                HAL_PWREx_EnableUSBVoltageDetector
 .text.HAL_RCC_OscConfig
                0x08003d40      0x8b4 ./Drivers/STM32H7xx_HAL_Driver/stm32h7xx_hal_rcc.o
                0x08003d40                HAL_RCC_OscConfig
 .text.HAL_RCC_ClockConfig
                0x080045f4      0x36c ./Drivers/STM32H7xx_HAL_Driver/stm32h7xx_hal_rcc.o
                0x080045f4                HAL_RCC_ClockConfig
 .text.HAL_RCC_GetSysClockFreq
                0x08004960      0x2f4 ./Drivers/STM32H7xx_HAL_Driver/stm32h7xx_hal_rcc.o
                0x08004960                HAL_RCC_GetSysClockFreq
 .text.HAL_RCC_GetHCLKFreq
                0x08004c54       0x60 ./Drivers/STM32H7xx_HAL_Driver/stm32h7xx_hal_rcc.o
                0x08004c54                HAL_RCC_GetHCLKFreq
 .text.HAL_RCC_GetPCLK1Freq
                0x08004cb4       0x2c ./Drivers/STM32H7xx_HAL_Driver/stm32h7xx_hal_rcc.o
                0x08004cb4                HAL_RCC_GetPCLK1Freq
 .text.HAL_RCC_GetPCLK2Freq
                0x08004ce0       0x2c ./Drivers/STM32H7xx_HAL_Driver/stm32h7xx_hal_rcc.o
                0x08004ce0                HAL_RCC_GetPCLK2Freq
 .text.HAL_RCCEx_PeriphCLKConfig
                0x08004d0c     0x1494 ./Drivers/STM32H7xx_HAL_Driver/stm32h7xx_hal_rcc_ex.o
                0x08004d0c                HAL_RCCEx_PeriphCLKConfig
 .text.HAL_RCCEx_GetPeriphCLKFreq
                0x080061a0      0xb00 ./Drivers/STM32H7xx_HAL_Driver/stm32h7xx_hal_rcc_ex.o
                0x080061a0                HAL_RCCEx_GetPeriphCLKFreq
 .text.HAL_RCCEx_GetD3PCLK1Freq
                0x08006ca0       0x2c ./Drivers/STM32H7xx_HAL_Driver/stm32h7xx_hal_rcc_ex.o
                0x08006ca0                HAL_RCCEx_GetD3PCLK1Freq
 .text.HAL_RCCEx_GetPLL2ClockFreq
                0x08006ccc      0x2a8 ./Drivers/STM32H7xx_HAL_Driver/stm32h7xx_hal_rcc_ex.o
                0x08006ccc                HAL_RCCEx_GetPLL2ClockFreq
 .text.HAL_RCCEx_GetPLL3ClockFreq
                0x08006f74      0x2a8 ./Drivers/STM32H7xx_HAL_Driver/stm32h7xx_hal_rcc_ex.o
                0x08006f74                HAL_RCCEx_GetPLL3ClockFreq
 .text.HAL_RCCEx_GetPLL1ClockFreq
                0x0800721c      0x2a4 ./Drivers/STM32H7xx_HAL_Driver/stm32h7xx_hal_rcc_ex.o
                0x0800721c                HAL_RCCEx_GetPLL1ClockFreq
 .text.RCCEx_PLL2_Config
                0x080074c0      0x164 ./Drivers/STM32H7xx_HAL_Driver/stm32h7xx_hal_rcc_ex.o
 .text.RCCEx_PLL3_Config
                0x08007624      0x164 ./Drivers/STM32H7xx_HAL_Driver/stm32h7xx_hal_rcc_ex.o
 .text.HAL_SD_Init
                0x08007788      0x106 ./Drivers/STM32H7xx_HAL_Driver/stm32h7xx_hal_sd.o
                0x08007788                HAL_SD_Init
 *fill*         0x0800788e        0x2 
 .text.HAL_SD_InitCard
                0x08007890      0x138 ./Drivers/STM32H7xx_HAL_Driver/stm32h7xx_hal_sd.o
                0x08007890                HAL_SD_InitCard
 .text.HAL_SD_ReadBlocks
                0x080079c8      0x314 ./Drivers/STM32H7xx_HAL_Driver/stm32h7xx_hal_sd.o
                0x080079c8                HAL_SD_ReadBlocks
 .text.HAL_SD_WriteBlocks
                0x08007cdc      0x31c ./Drivers/STM32H7xx_HAL_Driver/stm32h7xx_hal_sd.o
                0x08007cdc                HAL_SD_WriteBlocks
 .text.HAL_SD_GetCardCSD
                0x08007ff8      0x348 ./Drivers/STM32H7xx_HAL_Driver/stm32h7xx_hal_sd.o
                0x08007ff8                HAL_SD_GetCardCSD
 .text.HAL_SD_GetCardStatus
                0x08008340      0x17c ./Drivers/STM32H7xx_HAL_Driver/stm32h7xx_hal_sd.o
                0x08008340                HAL_SD_GetCardStatus
 .text.HAL_SD_GetCardInfo
                0x080084bc       0x58 ./Drivers/STM32H7xx_HAL_Driver/stm32h7xx_hal_sd.o
                0x080084bc                HAL_SD_GetCardInfo
 .text.HAL_SD_ConfigWideBusOperation
                0x08008514      0x224 ./Drivers/STM32H7xx_HAL_Driver/stm32h7xx_hal_sd.o
                0x08008514                HAL_SD_ConfigWideBusOperation
 .text.HAL_SD_GetCardState
                0x08008738       0x40 ./Drivers/STM32H7xx_HAL_Driver/stm32h7xx_hal_sd.o
                0x08008738                HAL_SD_GetCardState
 .text.SD_InitCard
                0x08008778      0x19c ./Drivers/STM32H7xx_HAL_Driver/stm32h7xx_hal_sd.o
 .text.SD_PowerON
                0x08008914      0x11c ./Drivers/STM32H7xx_HAL_Driver/stm32h7xx_hal_sd.o
 .text.SD_SendSDStatus
                0x08008a30      0x1a0 ./Drivers/STM32H7xx_HAL_Driver/stm32h7xx_hal_sd.o
 .text.SD_SendStatus
                0x08008bd0       0x50 ./Drivers/STM32H7xx_HAL_Driver/stm32h7xx_hal_sd.o
 .text.SD_WideBus_Enable
                0x08008c20       0x96 ./Drivers/STM32H7xx_HAL_Driver/stm32h7xx_hal_sd.o
 .text.SD_WideBus_Disable
                0x08008cb6       0x96 ./Drivers/STM32H7xx_HAL_Driver/stm32h7xx_hal_sd.o
 .text.SD_FindSCR
                0x08008d4c      0x1a0 ./Drivers/STM32H7xx_HAL_Driver/stm32h7xx_hal_sd.o
 .text.HAL_SPI_Init
                0x08008eec      0x248 ./Drivers/STM32H7xx_HAL_Driver/stm32h7xx_hal_spi.o
                0x08008eec                HAL_SPI_Init
 .text.SPI_GetPacketSize
                0x08009134       0x36 ./Drivers/STM32H7xx_HAL_Driver/stm32h7xx_hal_spi.o
 .text.HAL_TIM_Base_Init
                0x0800916a       0xae ./Drivers/STM32H7xx_HAL_Driver/stm32h7xx_hal_tim.o
                0x0800916a                HAL_TIM_Base_Init
 .text.HAL_TIM_PWM_Init
                0x08009218       0xae ./Drivers/STM32H7xx_HAL_Driver/stm32h7xx_hal_tim.o
                0x08009218                HAL_TIM_PWM_Init
 .text.HAL_TIM_PWM_MspInit
                0x080092c6       0x14 ./Drivers/STM32H7xx_HAL_Driver/stm32h7xx_hal_tim.o
                0x080092c6                HAL_TIM_PWM_MspInit
 *fill*         0x080092da        0x2 
 .text.HAL_TIM_PWM_ConfigChannel
                0x080092dc      0x228 ./Drivers/STM32H7xx_HAL_Driver/stm32h7xx_hal_tim.o
                0x080092dc                HAL_TIM_PWM_ConfigChannel
 .text.HAL_TIM_ConfigClockSource
                0x08009504      0x1f0 ./Drivers/STM32H7xx_HAL_Driver/stm32h7xx_hal_tim.o
                0x08009504                HAL_TIM_ConfigClockSource
 .text.TIM_Base_SetConfig
                0x080096f4      0x140 ./Drivers/STM32H7xx_HAL_Driver/stm32h7xx_hal_tim.o
                0x080096f4                TIM_Base_SetConfig
 .text.TIM_OC1_SetConfig
                0x08009834      0x120 ./Drivers/STM32H7xx_HAL_Driver/stm32h7xx_hal_tim.o
 .text.TIM_OC2_SetConfig
                0x08009954      0x114 ./Drivers/STM32H7xx_HAL_Driver/stm32h7xx_hal_tim.o
                0x08009954                TIM_OC2_SetConfig
 .text.TIM_OC3_SetConfig
                0x08009a68      0x110 ./Drivers/STM32H7xx_HAL_Driver/stm32h7xx_hal_tim.o
 .text.TIM_OC4_SetConfig
                0x08009b78       0xd4 ./Drivers/STM32H7xx_HAL_Driver/stm32h7xx_hal_tim.o
 .text.TIM_OC5_SetConfig
                0x08009c4c       0xc8 ./Drivers/STM32H7xx_HAL_Driver/stm32h7xx_hal_tim.o
 .text.TIM_OC6_SetConfig
                0x08009d14       0xcc ./Drivers/STM32H7xx_HAL_Driver/stm32h7xx_hal_tim.o
 .text.TIM_TI1_ConfigInputStage
                0x08009de0       0x5e ./Drivers/STM32H7xx_HAL_Driver/stm32h7xx_hal_tim.o
 .text.TIM_TI2_ConfigInputStage
                0x08009e3e       0x60 ./Drivers/STM32H7xx_HAL_Driver/stm32h7xx_hal_tim.o
 *fill*         0x08009e9e        0x2 
 .text.TIM_ITRx_SetConfig
                0x08009ea0       0x3c ./Drivers/STM32H7xx_HAL_Driver/stm32h7xx_hal_tim.o
 .text.TIM_ETR_SetConfig
                0x08009edc       0x40 ./Drivers/STM32H7xx_HAL_Driver/stm32h7xx_hal_tim.o
                0x08009edc                TIM_ETR_SetConfig
 .text.HAL_TIMEx_MasterConfigSynchronization
                0x08009f1c      0x11c ./Drivers/STM32H7xx_HAL_Driver/stm32h7xx_hal_tim_ex.o
                0x08009f1c                HAL_TIMEx_MasterConfigSynchronization
 .text.HAL_TIMEx_ConfigBreakDeadTime
                0x0800a038       0xfc ./Drivers/STM32H7xx_HAL_Driver/stm32h7xx_hal_tim_ex.o
                0x0800a038                HAL_TIMEx_ConfigBreakDeadTime
 .text.HAL_UART_Init
                0x0800a134       0xa0 ./Drivers/STM32H7xx_HAL_Driver/stm32h7xx_hal_uart.o
                0x0800a134                HAL_UART_Init
 .text.UART_SetConfig
                0x0800a1d4      0xad0 ./Drivers/STM32H7xx_HAL_Driver/stm32h7xx_hal_uart.o
                0x0800a1d4                UART_SetConfig
 .text.UART_AdvFeatureConfig
                0x0800aca4      0x144 ./Drivers/STM32H7xx_HAL_Driver/stm32h7xx_hal_uart.o
                0x0800aca4                UART_AdvFeatureConfig
 .text.UART_CheckIdleState
                0x0800ade8      0x154 ./Drivers/STM32H7xx_HAL_Driver/stm32h7xx_hal_uart.o
                0x0800ade8                UART_CheckIdleState
 .text.UART_WaitOnFlagUntilTimeout
                0x0800af3c       0xda ./Drivers/STM32H7xx_HAL_Driver/stm32h7xx_hal_uart.o
                0x0800af3c                UART_WaitOnFlagUntilTimeout
 *fill*         0x0800b016        0x2 
 .text.UART_EndRxTransfer
                0x0800b018       0xcc ./Drivers/STM32H7xx_HAL_Driver/stm32h7xx_hal_uart.o
 .text.HAL_UARTEx_DisableFifoMode
                0x0800b0e4       0x72 ./Drivers/STM32H7xx_HAL_Driver/stm32h7xx_hal_uart_ex.o
                0x0800b0e4                HAL_UARTEx_DisableFifoMode
 .text.HAL_UARTEx_SetTxFifoThreshold
                0x0800b156       0x7c ./Drivers/STM32H7xx_HAL_Driver/stm32h7xx_hal_uart_ex.o
                0x0800b156                HAL_UARTEx_SetTxFifoThreshold
 .text.HAL_UARTEx_SetRxFifoThreshold
                0x0800b1d2       0x7c ./Drivers/STM32H7xx_HAL_Driver/stm32h7xx_hal_uart_ex.o
                0x0800b1d2                HAL_UARTEx_SetRxFifoThreshold
 *fill*         0x0800b24e        0x2 
 .text.UARTEx_SetNbDataToProcess
                0x0800b250       0x9c ./Drivers/STM32H7xx_HAL_Driver/stm32h7xx_hal_uart_ex.o
 .text.SDMMC_Init
                0x0800b2ec       0x54 ./Drivers/STM32H7xx_HAL_Driver/stm32h7xx_ll_sdmmc.o
                0x0800b2ec                SDMMC_Init
 .text.SDMMC_ReadFIFO
                0x0800b340       0x1a ./Drivers/STM32H7xx_HAL_Driver/stm32h7xx_ll_sdmmc.o
                0x0800b340                SDMMC_ReadFIFO
 .text.SDMMC_WriteFIFO
                0x0800b35a       0x22 ./Drivers/STM32H7xx_HAL_Driver/stm32h7xx_ll_sdmmc.o
                0x0800b35a                SDMMC_WriteFIFO
 .text.SDMMC_PowerState_ON
                0x0800b37c       0x22 ./Drivers/STM32H7xx_HAL_Driver/stm32h7xx_ll_sdmmc.o
                0x0800b37c                SDMMC_PowerState_ON
 .text.SDMMC_GetPowerState
                0x0800b39e       0x1c ./Drivers/STM32H7xx_HAL_Driver/stm32h7xx_ll_sdmmc.o
                0x0800b39e                SDMMC_GetPowerState
 *fill*         0x0800b3ba        0x2 
 .text.SDMMC_SendCommand
                0x0800b3bc       0x54 ./Drivers/STM32H7xx_HAL_Driver/stm32h7xx_ll_sdmmc.o
                0x0800b3bc                SDMMC_SendCommand
 .text.SDMMC_GetCommandResponse
                0x0800b410       0x1a ./Drivers/STM32H7xx_HAL_Driver/stm32h7xx_ll_sdmmc.o
                0x0800b410                SDMMC_GetCommandResponse
 .text.SDMMC_GetResponse
                0x0800b42a       0x26 ./Drivers/STM32H7xx_HAL_Driver/stm32h7xx_ll_sdmmc.o
                0x0800b42a                SDMMC_GetResponse
 .text.SDMMC_ConfigData
                0x0800b450       0x58 ./Drivers/STM32H7xx_HAL_Driver/stm32h7xx_ll_sdmmc.o
                0x0800b450                SDMMC_ConfigData
 .text.SDMMC_CmdBlockLength
                0x0800b4a8       0x46 ./Drivers/STM32H7xx_HAL_Driver/stm32h7xx_ll_sdmmc.o
                0x0800b4a8                SDMMC_CmdBlockLength
 .text.SDMMC_CmdReadSingleBlock
                0x0800b4ee       0x46 ./Drivers/STM32H7xx_HAL_Driver/stm32h7xx_ll_sdmmc.o
                0x0800b4ee                SDMMC_CmdReadSingleBlock
 .text.SDMMC_CmdReadMultiBlock
                0x0800b534       0x46 ./Drivers/STM32H7xx_HAL_Driver/stm32h7xx_ll_sdmmc.o
                0x0800b534                SDMMC_CmdReadMultiBlock
 .text.SDMMC_CmdWriteSingleBlock
                0x0800b57a       0x46 ./Drivers/STM32H7xx_HAL_Driver/stm32h7xx_ll_sdmmc.o
                0x0800b57a                SDMMC_CmdWriteSingleBlock
 .text.SDMMC_CmdWriteMultiBlock
                0x0800b5c0       0x46 ./Drivers/STM32H7xx_HAL_Driver/stm32h7xx_ll_sdmmc.o
                0x0800b5c0                SDMMC_CmdWriteMultiBlock
 *fill*         0x0800b606        0x2 
 .text.SDMMC_CmdStopTransfer
                0x0800b608       0x78 ./Drivers/STM32H7xx_HAL_Driver/stm32h7xx_ll_sdmmc.o
                0x0800b608                SDMMC_CmdStopTransfer
 .text.SDMMC_CmdSelDesel
                0x0800b680       0x46 ./Drivers/STM32H7xx_HAL_Driver/stm32h7xx_ll_sdmmc.o
                0x0800b680                SDMMC_CmdSelDesel
 .text.SDMMC_CmdGoIdleState
                0x0800b6c6       0x3c ./Drivers/STM32H7xx_HAL_Driver/stm32h7xx_ll_sdmmc.o
                0x0800b6c6                SDMMC_CmdGoIdleState
 .text.SDMMC_CmdOperCond
                0x0800b702       0x40 ./Drivers/STM32H7xx_HAL_Driver/stm32h7xx_ll_sdmmc.o
                0x0800b702                SDMMC_CmdOperCond
 .text.SDMMC_CmdAppCommand
                0x0800b742       0x46 ./Drivers/STM32H7xx_HAL_Driver/stm32h7xx_ll_sdmmc.o
                0x0800b742                SDMMC_CmdAppCommand
 .text.SDMMC_CmdAppOperCommand
                0x0800b788       0x40 ./Drivers/STM32H7xx_HAL_Driver/stm32h7xx_ll_sdmmc.o
                0x0800b788                SDMMC_CmdAppOperCommand
 .text.SDMMC_CmdBusWidth
                0x0800b7c8       0x46 ./Drivers/STM32H7xx_HAL_Driver/stm32h7xx_ll_sdmmc.o
                0x0800b7c8                SDMMC_CmdBusWidth
 .text.SDMMC_CmdSendSCR
                0x0800b80e       0x44 ./Drivers/STM32H7xx_HAL_Driver/stm32h7xx_ll_sdmmc.o
                0x0800b80e                SDMMC_CmdSendSCR
 .text.SDMMC_CmdSendCID
                0x0800b852       0x3e ./Drivers/STM32H7xx_HAL_Driver/stm32h7xx_ll_sdmmc.o
                0x0800b852                SDMMC_CmdSendCID
 .text.SDMMC_CmdSendCSD
                0x0800b890       0x40 ./Drivers/STM32H7xx_HAL_Driver/stm32h7xx_ll_sdmmc.o
                0x0800b890                SDMMC_CmdSendCSD
 .text.SDMMC_CmdSetRelAdd
                0x0800b8d0       0x44 ./Drivers/STM32H7xx_HAL_Driver/stm32h7xx_ll_sdmmc.o
                0x0800b8d0                SDMMC_CmdSetRelAdd
 .text.SDMMC_CmdSendStatus
                0x0800b914       0x46 ./Drivers/STM32H7xx_HAL_Driver/stm32h7xx_ll_sdmmc.o
                0x0800b914                SDMMC_CmdSendStatus
 .text.SDMMC_CmdStatusRegister
                0x0800b95a       0x44 ./Drivers/STM32H7xx_HAL_Driver/stm32h7xx_ll_sdmmc.o
                0x0800b95a                SDMMC_CmdStatusRegister
 *fill*         0x0800b99e        0x2 
 .text.SDMMC_GetCmdResp1
                0x0800b9a0      0x1e4 ./Drivers/STM32H7xx_HAL_Driver/stm32h7xx_ll_sdmmc.o
                0x0800b9a0                SDMMC_GetCmdResp1
 .text.SDMMC_GetCmdResp2
                0x0800bb84       0x94 ./Drivers/STM32H7xx_HAL_Driver/stm32h7xx_ll_sdmmc.o
                0x0800bb84                SDMMC_GetCmdResp2
 .text.SDMMC_GetCmdResp3
                0x0800bc18       0x80 ./Drivers/STM32H7xx_HAL_Driver/stm32h7xx_ll_sdmmc.o
                0x0800bc18                SDMMC_GetCmdResp3
 .text.SDMMC_GetCmdResp6
                0x0800bc98       0xf0 ./Drivers/STM32H7xx_HAL_Driver/stm32h7xx_ll_sdmmc.o
                0x0800bc98                SDMMC_GetCmdResp6
 .text.SDMMC_GetCmdResp7
                0x0800bd88       0x9c ./Drivers/STM32H7xx_HAL_Driver/stm32h7xx_ll_sdmmc.o
                0x0800bd88                SDMMC_GetCmdResp7
 .text.SDMMC_GetCmdError
                0x0800be24       0x5c ./Drivers/STM32H7xx_HAL_Driver/stm32h7xx_ll_sdmmc.o
 .text.USB_CoreInit
                0x0800be80       0xe4 ./Drivers/STM32H7xx_HAL_Driver/stm32h7xx_ll_usb.o
                0x0800be80                USB_CoreInit
 .text.USB_DisableGlobalInt
                0x0800bf64       0x22 ./Drivers/STM32H7xx_HAL_Driver/stm32h7xx_ll_usb.o
                0x0800bf64                USB_DisableGlobalInt
 .text.USB_SetCurrentMode
                0x0800bf86       0x98 ./Drivers/STM32H7xx_HAL_Driver/stm32h7xx_ll_usb.o
                0x0800bf86                USB_SetCurrentMode
 *fill*         0x0800c01e        0x2 
 .text.USB_DevInit
                0x0800c020      0x2bc ./Drivers/STM32H7xx_HAL_Driver/stm32h7xx_ll_usb.o
                0x0800c020                USB_DevInit
 .text.USB_FlushTxFifo
                0x0800c2dc       0x64 ./Drivers/STM32H7xx_HAL_Driver/stm32h7xx_ll_usb.o
                0x0800c2dc                USB_FlushTxFifo
 .text.USB_FlushRxFifo
                0x0800c340       0x5c ./Drivers/STM32H7xx_HAL_Driver/stm32h7xx_ll_usb.o
                0x0800c340                USB_FlushRxFifo
 .text.USB_SetDevSpeed
                0x0800c39c       0x32 ./Drivers/STM32H7xx_HAL_Driver/stm32h7xx_ll_usb.o
                0x0800c39c                USB_SetDevSpeed
 .text.USB_DevDisconnect
                0x0800c3ce       0x42 ./Drivers/STM32H7xx_HAL_Driver/stm32h7xx_ll_usb.o
                0x0800c3ce                USB_DevDisconnect
 .text.USB_GetMode
                0x0800c410       0x1c ./Drivers/STM32H7xx_HAL_Driver/stm32h7xx_ll_usb.o
                0x0800c410                USB_GetMode
 .text.USB_CoreReset
                0x0800c42c       0x62 ./Drivers/STM32H7xx_HAL_Driver/stm32h7xx_ll_usb.o
 *fill*         0x0800c48e        0x2 
 .text.MX_FATFS_Init
                0x0800c490       0x24 ./FATFS/App/fatfs.o
                0x0800c490                MX_FATFS_Init
 .text.BSP_SD_Init
                0x0800c4b4       0x4c ./FATFS/Target/bsp_driver_sd.o
                0x0800c4b4                BSP_SD_Init
 .text.BSP_SD_ReadBlocks
                0x0800c500       0x3c ./FATFS/Target/bsp_driver_sd.o
                0x0800c500                BSP_SD_ReadBlocks
 .text.BSP_SD_WriteBlocks
                0x0800c53c       0x3c ./FATFS/Target/bsp_driver_sd.o
                0x0800c53c                BSP_SD_WriteBlocks
 .text.BSP_SD_GetCardState
                0x0800c578       0x20 ./FATFS/Target/bsp_driver_sd.o
                0x0800c578                BSP_SD_GetCardState
 .text.BSP_SD_GetCardInfo
                0x0800c598       0x1c ./FATFS/Target/bsp_driver_sd.o
                0x0800c598                BSP_SD_GetCardInfo
 .text.BSP_SD_IsDetected
                0x0800c5b4       0x24 ./FATFS/Target/bsp_driver_sd.o
                0x0800c5b4                BSP_SD_IsDetected
 .text.BSP_PlatformIsDetected
                0x0800c5d8       0x2c ./FATFS/Target/fatfs_platform.o
                0x0800c5d8                BSP_PlatformIsDetected
 .text.SD_CheckStatus
                0x0800c604       0x3c ./FATFS/Target/sd_diskio.o
 .text.SD_initialize
                0x0800c640       0x3c ./FATFS/Target/sd_diskio.o
                0x0800c640                SD_initialize
 .text.SD_status
                0x0800c67c       0x1c ./FATFS/Target/sd_diskio.o
                0x0800c67c                SD_status
 .text.SD_read  0x0800c698       0x42 ./FATFS/Target/sd_diskio.o
                0x0800c698                SD_read
 .text.SD_write
                0x0800c6da       0x42 ./FATFS/Target/sd_diskio.o
                0x0800c6da                SD_write
 .text.SD_ioctl
                0x0800c71c       0xb0 ./FATFS/Target/sd_diskio.o
                0x0800c71c                SD_ioctl
 .text.FATFS_LinkDriverEx
                0x0800c7cc       0x98 ./Middlewares/Third_Party/FatFs/ff_gen_drv.o
                0x0800c7cc                FATFS_LinkDriverEx
 .text.FATFS_LinkDriver
                0x0800c864       0x1e ./Middlewares/Third_Party/FatFs/ff_gen_drv.o
                0x0800c864                FATFS_LinkDriver
 .text.memset   0x0800c882       0x10 C:/ST/STM32CubeIDE_1.18.1/STM32CubeIDE/plugins/com.st.stm32cube.ide.mcu.externaltools.gnu-tools-for-stm32.13.3.rel1.win32_1.0.0.202411081344/tools/bin/../lib/gcc/arm-none-eabi/13.3.1/../../../../arm-none-eabi/lib/thumb/v7e-m+dp/hard\libc_nano.a(libc_a-memset.o)
                0x0800c882                memset
 *fill*         0x0800c892        0x2 
 .text.__libc_init_array
                0x0800c894       0x48 C:/ST/STM32CubeIDE_1.18.1/STM32CubeIDE/plugins/com.st.stm32cube.ide.mcu.externaltools.gnu-tools-for-stm32.13.3.rel1.win32_1.0.0.202411081344/tools/bin/../lib/gcc/arm-none-eabi/13.3.1/../../../../arm-none-eabi/lib/thumb/v7e-m+dp/hard\libc_nano.a(libc_a-init.o)
                0x0800c894                __libc_init_array
 *(.glue_7)
 .glue_7        0x0800c8dc        0x0 linker stubs
 *(.glue_7t)
 .glue_7t       0x0800c8dc        0x0 linker stubs
 *(.eh_frame)
 .eh_frame      0x0800c8dc        0x0 C:/ST/STM32CubeIDE_1.18.1/STM32CubeIDE/plugins/com.st.stm32cube.ide.mcu.externaltools.gnu-tools-for-stm32.13.3.rel1.win32_1.0.0.202411081344/tools/bin/../lib/gcc/arm-none-eabi/13.3.1/thumb/v7e-m+dp/hard/crtbegin.o
 *(.init)
 .init          0x0800c8dc        0x4 C:/ST/STM32CubeIDE_1.18.1/STM32CubeIDE/plugins/com.st.stm32cube.ide.mcu.externaltools.gnu-tools-for-stm32.13.3.rel1.win32_1.0.0.202411081344/tools/bin/../lib/gcc/arm-none-eabi/13.3.1/thumb/v7e-m+dp/hard/crti.o
                0x0800c8dc                _init
 .init          0x0800c8e0        0x8 C:/ST/STM32CubeIDE_1.18.1/STM32CubeIDE/plugins/com.st.stm32cube.ide.mcu.externaltools.gnu-tools-for-stm32.13.3.rel1.win32_1.0.0.202411081344/tools/bin/../lib/gcc/arm-none-eabi/13.3.1/thumb/v7e-m+dp/hard/crtn.o
 *(.fini)
 .fini          0x0800c8e8        0x4 C:/ST/STM32CubeIDE_1.18.1/STM32CubeIDE/plugins/com.st.stm32cube.ide.mcu.externaltools.gnu-tools-for-stm32.13.3.rel1.win32_1.0.0.202411081344/tools/bin/../lib/gcc/arm-none-eabi/13.3.1/thumb/v7e-m+dp/hard/crti.o
                0x0800c8e8                _fini
 .fini          0x0800c8ec        0x8 C:/ST/STM32CubeIDE_1.18.1/STM32CubeIDE/plugins/com.st.stm32cube.ide.mcu.externaltools.gnu-tools-for-stm32.13.3.rel1.win32_1.0.0.202411081344/tools/bin/../lib/gcc/arm-none-eabi/13.3.1/thumb/v7e-m+dp/hard/crtn.o
                0x0800c8f4                        . = ALIGN (0x4)
                0x0800c8f4                        _etext = .

.vfp11_veneer   0x0800c8f4        0x0
 .vfp11_veneer  0x0800c8f4        0x0 linker stubs

.v4_bx          0x0800c8f4        0x0
 .v4_bx         0x0800c8f4        0x0 linker stubs

.iplt           0x0800c8f4        0x0
 .iplt          0x0800c8f4        0x0 C:/ST/STM32CubeIDE_1.18.1/STM32CubeIDE/plugins/com.st.stm32cube.ide.mcu.externaltools.gnu-tools-for-stm32.13.3.rel1.win32_1.0.0.202411081344/tools/bin/../lib/gcc/arm-none-eabi/13.3.1/thumb/v7e-m+dp/hard/crtbegin.o

.rodata         0x0800c8f4       0x4c
                0x0800c8f4                        . = ALIGN (0x4)
 *(.rodata)
 *(.rodata*)
 .rodata.D1CorePrescTable
                0x0800c8f4       0x10 ./Common/Src/system_stm32h7xx_dualcore_boot_cm4_cm7.o
                0x0800c8f4                D1CorePrescTable
 .rodata.UARTPrescTable
                0x0800c904       0x18 ./Drivers/STM32H7xx_HAL_Driver/stm32h7xx_hal_uart.o
                0x0800c904                UARTPrescTable
 .rodata.numerator.1
                0x0800c91c        0x8 ./Drivers/STM32H7xx_HAL_Driver/stm32h7xx_hal_uart_ex.o
 .rodata.denominator.0
                0x0800c924        0x8 ./Drivers/STM32H7xx_HAL_Driver/stm32h7xx_hal_uart_ex.o
 .rodata.SD_Driver
                0x0800c92c       0x14 ./FATFS/Target/sd_diskio.o
                0x0800c92c                SD_Driver
                0x0800c940                        . = ALIGN (0x4)

.ARM.extab      0x0800c940        0x0
                0x0800c940                        . = ALIGN (0x4)
 *(.ARM.extab* .gnu.linkonce.armextab.*)
                0x0800c940                        . = ALIGN (0x4)

.ARM            0x0800c940        0x8
                0x0800c940                        . = ALIGN (0x4)
                0x0800c940                        __exidx_start = .
 *(.ARM.exidx*)
 .ARM.exidx     0x0800c940        0x8 C:/ST/STM32CubeIDE_1.18.1/STM32CubeIDE/plugins/com.st.stm32cube.ide.mcu.externaltools.gnu-tools-for-stm32.13.3.rel1.win32_1.0.0.202411081344/tools/bin/../lib/gcc/arm-none-eabi/13.3.1/thumb/v7e-m+dp/hard\libgcc.a(_udivmoddi4.o)
                0x0800c948                        __exidx_end = .
                0x0800c948                        . = ALIGN (0x4)

.preinit_array  0x0800c948        0x0
                0x0800c948                        . = ALIGN (0x4)
                0x0800c948                        PROVIDE (__preinit_array_start = .)
 *(.preinit_array*)
                0x0800c948                        PROVIDE (__preinit_array_end = .)
                0x0800c948                        . = ALIGN (0x4)

.init_array     0x0800c948        0x4
                0x0800c948                        . = ALIGN (0x4)
                0x0800c948                        PROVIDE (__init_array_start = .)
 *(SORT_BY_NAME(.init_array.*))
 *(.init_array*)
 .init_array    0x0800c948        0x4 C:/ST/STM32CubeIDE_1.18.1/STM32CubeIDE/plugins/com.st.stm32cube.ide.mcu.externaltools.gnu-tools-for-stm32.13.3.rel1.win32_1.0.0.202411081344/tools/bin/../lib/gcc/arm-none-eabi/13.3.1/thumb/v7e-m+dp/hard/crtbegin.o
                0x0800c94c                        PROVIDE (__init_array_end = .)
                0x0800c94c                        . = ALIGN (0x4)

.fini_array     0x0800c94c        0x4
                0x0800c94c                        . = ALIGN (0x4)
                [!provide]                        PROVIDE (__fini_array_start = .)
 *(SORT_BY_NAME(.fini_array.*))
 *(.fini_array*)
 .fini_array    0x0800c94c        0x4 C:/ST/STM32CubeIDE_1.18.1/STM32CubeIDE/plugins/com.st.stm32cube.ide.mcu.externaltools.gnu-tools-for-stm32.13.3.rel1.win32_1.0.0.202411081344/tools/bin/../lib/gcc/arm-none-eabi/13.3.1/thumb/v7e-m+dp/hard/crtbegin.o
                [!provide]                        PROVIDE (__fini_array_end = .)
                0x0800c950                        . = ALIGN (0x4)
                0x0800c950                        _sidata = LOADADDR (.data)

.rel.dyn        0x0800c950        0x0
 .rel.iplt      0x0800c950        0x0 C:/ST/STM32CubeIDE_1.18.1/STM32CubeIDE/plugins/com.st.stm32cube.ide.mcu.externaltools.gnu-tools-for-stm32.13.3.rel1.win32_1.0.0.202411081344/tools/bin/../lib/gcc/arm-none-eabi/13.3.1/thumb/v7e-m+dp/hard/crtbegin.o

.data           0x24000000       0x10 load address 0x0800c950
                0x24000000                        . = ALIGN (0x4)
                0x24000000                        _sdata = .
 *(.data)
 *(.data*)
 .data.SystemCoreClock
                0x24000000        0x4 ./Common/Src/system_stm32h7xx_dualcore_boot_cm4_cm7.o
                0x24000000                SystemCoreClock
 .data.SystemD2Clock
                0x24000004        0x4 ./Common/Src/system_stm32h7xx_dualcore_boot_cm4_cm7.o
                0x24000004                SystemD2Clock
 .data.uwTickPrio
                0x24000008        0x4 ./Drivers/STM32H7xx_HAL_Driver/stm32h7xx_hal.o
                0x24000008                uwTickPrio
 .data.uwTickFreq
                0x2400000c        0x1 ./Drivers/STM32H7xx_HAL_Driver/stm32h7xx_hal.o
                0x2400000c                uwTickFreq
 .data.Stat     0x2400000d        0x1 ./FATFS/Target/sd_diskio.o
 *(.RamFunc)
 *(.RamFunc*)
                0x24000010                        . = ALIGN (0x4)
 *fill*         0x2400000e        0x2 
                0x24000010                        _edata = .

.igot.plt       0x24000010        0x0 load address 0x0800c960
 .igot.plt      0x24000010        0x0 C:/ST/STM32CubeIDE_1.18.1/STM32CubeIDE/plugins/com.st.stm32cube.ide.mcu.externaltools.gnu-tools-for-stm32.13.3.rel1.win32_1.0.0.202411081344/tools/bin/../lib/gcc/arm-none-eabi/13.3.1/thumb/v7e-m+dp/hard/crtbegin.o
                0x24000010                        . = ALIGN (0x4)

.bss            0x24000010      0xf54 load address 0x0800c960
                0x24000010                        _sbss = .
                0x24000010                        __bss_start__ = _sbss
 *(.bss)
 .bss           0x24000010       0x1c C:/ST/STM32CubeIDE_1.18.1/STM32CubeIDE/plugins/com.st.stm32cube.ide.mcu.externaltools.gnu-tools-for-stm32.13.3.rel1.win32_1.0.0.202411081344/tools/bin/../lib/gcc/arm-none-eabi/13.3.1/thumb/v7e-m+dp/hard/crtbegin.o
 *(.bss*)
 .bss.hi2c1     0x2400002c       0x54 ./Core/Src/i2c.o
                0x2400002c                hi2c1
 .bss.hi2c2     0x24000080       0x54 ./Core/Src/i2c.o
                0x24000080                hi2c2
 .bss.hi2c4     0x240000d4       0x54 ./Core/Src/i2c.o
                0x240000d4                hi2c4
 .bss.hsd1      0x24000128       0x7c ./Core/Src/sdmmc.o
                0x24000128                hsd1
 .bss.hspi1     0x240001a4       0x88 ./Core/Src/spi.o
                0x240001a4                hspi1
 .bss.hspi2     0x2400022c       0x88 ./Core/Src/spi.o
                0x2400022c                hspi2
 .bss.hspi4     0x240002b4       0x88 ./Core/Src/spi.o
                0x240002b4                hspi4
 .bss.hspi5     0x2400033c       0x88 ./Core/Src/spi.o
                0x2400033c                hspi5
 .bss.hspi6     0x240003c4       0x88 ./Core/Src/spi.o
                0x240003c4                hspi6
 .bss.htim1     0x2400044c       0x4c ./Core/Src/tim.o
                0x2400044c                htim1
 .bss.htim2     0x24000498       0x4c ./Core/Src/tim.o
                0x24000498                htim2
 .bss.htim3     0x240004e4       0x4c ./Core/Src/tim.o
                0x240004e4                htim3
 .bss.htim4     0x24000530       0x4c ./Core/Src/tim.o
                0x24000530                htim4
 .bss.htim16    0x2400057c       0x4c ./Core/Src/tim.o
                0x2400057c                htim16
 .bss.huart4    0x240005c8       0x94 ./Core/Src/usart.o
                0x240005c8                huart4
 .bss.huart5    0x2400065c       0x94 ./Core/Src/usart.o
                0x2400065c                huart5
 .bss.huart7    0x240006f0       0x94 ./Core/Src/usart.o
                0x240006f0                huart7
 .bss.huart8    0x24000784       0x94 ./Core/Src/usart.o
                0x24000784                huart8
 .bss.huart1    0x24000818       0x94 ./Core/Src/usart.o
                0x24000818                huart1
 .bss.huart2    0x240008ac       0x94 ./Core/Src/usart.o
                0x240008ac                huart2
 .bss.huart3    0x24000940       0x94 ./Core/Src/usart.o
                0x24000940                huart3
 .bss.huart6    0x240009d4       0x94 ./Core/Src/usart.o
                0x240009d4                huart6
 .bss.hpcd_USB_OTG_FS
                0x24000a68      0x4e4 ./Core/Src/usb_otg.o
                0x24000a68                hpcd_USB_OTG_FS
 .bss.uwTick    0x24000f4c        0x4 ./Drivers/STM32H7xx_HAL_Driver/stm32h7xx_hal.o
                0x24000f4c                uwTick
 .bss.retSD     0x24000f50        0x1 ./FATFS/App/fatfs.o
                0x24000f50                retSD
 *fill*         0x24000f51        0x3 
 .bss.SDPath    0x24000f54        0x4 ./FATFS/App/fatfs.o
                0x24000f54                SDPath
 .bss.disk      0x24000f58        0xc ./Middlewares/Third_Party/FatFs/ff_gen_drv.o
                0x24000f58                disk
 *(COMMON)
                0x24000f64                        . = ALIGN (0x4)
                0x24000f64                        _ebss = .
                0x24000f64                        __bss_end__ = _ebss

._user_heap_stack
                0x24000f64      0x604 load address 0x0800c960
                0x24000f68                        . = ALIGN (0x8)
 *fill*         0x24000f64        0x4 
                [!provide]                        PROVIDE (end = .)
                0x24000f68                        PROVIDE (_end = .)
                0x24001168                        . = (. + _Min_Heap_Size)
 *fill*         0x24000f68      0x200 
                0x24001568                        . = (. + _Min_Stack_Size)
 *fill*         0x24001168      0x400 
                0x24001568                        . = ALIGN (0x8)

/DISCARD/
 libc.a(*)
 libm.a(*)
 libgcc.a(*)

.ARM.attributes
                0x00000000       0x2e
 *(.ARM.attributes)
 .ARM.attributes
                0x00000000       0x20 C:/ST/STM32CubeIDE_1.18.1/STM32CubeIDE/plugins/com.st.stm32cube.ide.mcu.externaltools.gnu-tools-for-stm32.13.3.rel1.win32_1.0.0.202411081344/tools/bin/../lib/gcc/arm-none-eabi/13.3.1/thumb/v7e-m+dp/hard/crti.o
 .ARM.attributes
                0x00000020       0x32 C:/ST/STM32CubeIDE_1.18.1/STM32CubeIDE/plugins/com.st.stm32cube.ide.mcu.externaltools.gnu-tools-for-stm32.13.3.rel1.win32_1.0.0.202411081344/tools/bin/../lib/gcc/arm-none-eabi/13.3.1/thumb/v7e-m+dp/hard/crtbegin.o
 .ARM.attributes
                0x00000052       0x32 ./Common/Src/system_stm32h7xx_dualcore_boot_cm4_cm7.o
 .ARM.attributes
                0x00000084       0x32 ./Core/Src/gpio.o
 .ARM.attributes
                0x000000b6       0x32 ./Core/Src/i2c.o
 .ARM.attributes
                0x000000e8       0x32 ./Core/Src/main.o
 .ARM.attributes
                0x0000011a       0x32 ./Core/Src/sdmmc.o
 .ARM.attributes
                0x0000014c       0x32 ./Core/Src/spi.o
 .ARM.attributes
                0x0000017e       0x32 ./Core/Src/stm32h7xx_hal_msp.o
 .ARM.attributes
                0x000001b0       0x32 ./Core/Src/stm32h7xx_it.o
 .ARM.attributes
                0x000001e2       0x32 ./Core/Src/tim.o
 .ARM.attributes
                0x00000214       0x32 ./Core/Src/usart.o
 .ARM.attributes
                0x00000246       0x32 ./Core/Src/usb_otg.o
 .ARM.attributes
                0x00000278       0x21 ./Core/Startup/startup_stm32h757iitx.o
 .ARM.attributes
                0x00000299       0x32 ./Drivers/STM32H7xx_HAL_Driver/stm32h7xx_hal.o
 .ARM.attributes
                0x000002cb       0x32 ./Drivers/STM32H7xx_HAL_Driver/stm32h7xx_hal_cortex.o
 .ARM.attributes
                0x000002fd       0x32 ./Drivers/STM32H7xx_HAL_Driver/stm32h7xx_hal_gpio.o
 .ARM.attributes
                0x0000032f       0x32 ./Drivers/STM32H7xx_HAL_Driver/stm32h7xx_hal_hsem.o
 .ARM.attributes
                0x00000361       0x32 ./Drivers/STM32H7xx_HAL_Driver/stm32h7xx_hal_i2c.o
 .ARM.attributes
                0x00000393       0x32 ./Drivers/STM32H7xx_HAL_Driver/stm32h7xx_hal_i2c_ex.o
 .ARM.attributes
                0x000003c5       0x32 ./Drivers/STM32H7xx_HAL_Driver/stm32h7xx_hal_pcd.o
 .ARM.attributes
                0x000003f7       0x32 ./Drivers/STM32H7xx_HAL_Driver/stm32h7xx_hal_pcd_ex.o
 .ARM.attributes
                0x00000429       0x32 ./Drivers/STM32H7xx_HAL_Driver/stm32h7xx_hal_pwr_ex.o
 .ARM.attributes
                0x0000045b       0x32 ./Drivers/STM32H7xx_HAL_Driver/stm32h7xx_hal_rcc.o
 .ARM.attributes
                0x0000048d       0x32 ./Drivers/STM32H7xx_HAL_Driver/stm32h7xx_hal_rcc_ex.o
 .ARM.attributes
                0x000004bf       0x32 ./Drivers/STM32H7xx_HAL_Driver/stm32h7xx_hal_sd.o
 .ARM.attributes
                0x000004f1       0x32 ./Drivers/STM32H7xx_HAL_Driver/stm32h7xx_hal_spi.o
 .ARM.attributes
                0x00000523       0x32 ./Drivers/STM32H7xx_HAL_Driver/stm32h7xx_hal_tim.o
 .ARM.attributes
                0x00000555       0x32 ./Drivers/STM32H7xx_HAL_Driver/stm32h7xx_hal_tim_ex.o
 .ARM.attributes
                0x00000587       0x32 ./Drivers/STM32H7xx_HAL_Driver/stm32h7xx_hal_uart.o
 .ARM.attributes
                0x000005b9       0x32 ./Drivers/STM32H7xx_HAL_Driver/stm32h7xx_hal_uart_ex.o
 .ARM.attributes
                0x000005eb       0x32 ./Drivers/STM32H7xx_HAL_Driver/stm32h7xx_ll_sdmmc.o
 .ARM.attributes
                0x0000061d       0x32 ./Drivers/STM32H7xx_HAL_Driver/stm32h7xx_ll_usb.o
 .ARM.attributes
                0x0000064f       0x32 ./FATFS/App/fatfs.o
 .ARM.attributes
                0x00000681       0x32 ./FATFS/Target/bsp_driver_sd.o
 .ARM.attributes
                0x000006b3       0x32 ./FATFS/Target/fatfs_platform.o
 .ARM.attributes
                0x000006e5       0x32 ./FATFS/Target/sd_diskio.o
 .ARM.attributes
                0x00000717       0x32 ./Middlewares/Third_Party/FatFs/ff_gen_drv.o
 .ARM.attributes
                0x00000749       0x32 C:/ST/STM32CubeIDE_1.18.1/STM32CubeIDE/plugins/com.st.stm32cube.ide.mcu.externaltools.gnu-tools-for-stm32.13.3.rel1.win32_1.0.0.202411081344/tools/bin/../lib/gcc/arm-none-eabi/13.3.1/../../../../arm-none-eabi/lib/thumb/v7e-m+dp/hard\libc_nano.a(libc_a-memset.o)
 .ARM.attributes
                0x0000077b       0x32 C:/ST/STM32CubeIDE_1.18.1/STM32CubeIDE/plugins/com.st.stm32cube.ide.mcu.externaltools.gnu-tools-for-stm32.13.3.rel1.win32_1.0.0.202411081344/tools/bin/../lib/gcc/arm-none-eabi/13.3.1/../../../../arm-none-eabi/lib/thumb/v7e-m+dp/hard\libc_nano.a(libc_a-init.o)
 .ARM.attributes
                0x000007ad       0x20 C:/ST/STM32CubeIDE_1.18.1/STM32CubeIDE/plugins/com.st.stm32cube.ide.mcu.externaltools.gnu-tools-for-stm32.13.3.rel1.win32_1.0.0.202411081344/tools/bin/../lib/gcc/arm-none-eabi/13.3.1/thumb/v7e-m+dp/hard\libgcc.a(_aeabi_uldivmod.o)
 .ARM.attributes
                0x000007cd       0x32 C:/ST/STM32CubeIDE_1.18.1/STM32CubeIDE/plugins/com.st.stm32cube.ide.mcu.externaltools.gnu-tools-for-stm32.13.3.rel1.win32_1.0.0.202411081344/tools/bin/../lib/gcc/arm-none-eabi/13.3.1/thumb/v7e-m+dp/hard\libgcc.a(_udivmoddi4.o)
 .ARM.attributes
                0x000007ff       0x20 C:/ST/STM32CubeIDE_1.18.1/STM32CubeIDE/plugins/com.st.stm32cube.ide.mcu.externaltools.gnu-tools-for-stm32.13.3.rel1.win32_1.0.0.202411081344/tools/bin/../lib/gcc/arm-none-eabi/13.3.1/thumb/v7e-m+dp/hard\libgcc.a(_dvmd_tls.o)
 .ARM.attributes
                0x0000081f       0x20 C:/ST/STM32CubeIDE_1.18.1/STM32CubeIDE/plugins/com.st.stm32cube.ide.mcu.externaltools.gnu-tools-for-stm32.13.3.rel1.win32_1.0.0.202411081344/tools/bin/../lib/gcc/arm-none-eabi/13.3.1/thumb/v7e-m+dp/hard/crtn.o
OUTPUT(test_code_CM7.elf elf32-littlearm)
LOAD linker stubs
LOAD C:/ST/STM32CubeIDE_1.18.1/STM32CubeIDE/plugins/com.st.stm32cube.ide.mcu.externaltools.gnu-tools-for-stm32.13.3.rel1.win32_1.0.0.202411081344/tools/bin/../lib/gcc/arm-none-eabi/13.3.1/../../../../arm-none-eabi/lib/thumb/v7e-m+dp/hard\libc.a
LOAD C:/ST/STM32CubeIDE_1.18.1/STM32CubeIDE/plugins/com.st.stm32cube.ide.mcu.externaltools.gnu-tools-for-stm32.13.3.rel1.win32_1.0.0.202411081344/tools/bin/../lib/gcc/arm-none-eabi/13.3.1/../../../../arm-none-eabi/lib/thumb/v7e-m+dp/hard\libm.a
LOAD C:/ST/STM32CubeIDE_1.18.1/STM32CubeIDE/plugins/com.st.stm32cube.ide.mcu.externaltools.gnu-tools-for-stm32.13.3.rel1.win32_1.0.0.202411081344/tools/bin/../lib/gcc/arm-none-eabi/13.3.1/thumb/v7e-m+dp/hard\libgcc.a

.debug_info     0x00000000    0x25bb0
 .debug_info    0x00000000      0xe73 ./Common/Src/system_stm32h7xx_dualcore_boot_cm4_cm7.o
 .debug_info    0x00000e73      0x69e ./Core/Src/gpio.o
 .debug_info    0x00001511     0x10c8 ./Core/Src/i2c.o
 .debug_info    0x000025d9      0xbd4 ./Core/Src/main.o
 .debug_info    0x000031ad      0xde3 ./Core/Src/sdmmc.o
 .debug_info    0x00003f90     0x121f ./Core/Src/spi.o
 .debug_info    0x000051af      0x464 ./Core/Src/stm32h7xx_hal_msp.o
 .debug_info    0x00005613      0x128 ./Core/Src/stm32h7xx_it.o
 .debug_info    0x0000573b     0x128b ./Core/Src/tim.o
 .debug_info    0x000069c6     0x1374 ./Core/Src/usart.o
 .debug_info    0x00007d3a      0xf33 ./Core/Src/usb_otg.o
 .debug_info    0x00008c6d       0x30 ./Core/Startup/startup_stm32h757iitx.o
 .debug_info    0x00008c9d     0x1780 ./Drivers/STM32H7xx_HAL_Driver/stm32h7xx_hal.o
 .debug_info    0x0000a41d     0x10db ./Drivers/STM32H7xx_HAL_Driver/stm32h7xx_hal_cortex.o
 .debug_info    0x0000b4f8      0xd06 ./Drivers/STM32H7xx_HAL_Driver/stm32h7xx_hal_gpio.o
 .debug_info    0x0000c1fe      0x3d3 ./Drivers/STM32H7xx_HAL_Driver/stm32h7xx_hal_hsem.o
 .debug_info    0x0000c5d1     0x22c9 ./Drivers/STM32H7xx_HAL_Driver/stm32h7xx_hal_i2c.o
 .debug_info    0x0000e89a      0xd84 ./Drivers/STM32H7xx_HAL_Driver/stm32h7xx_hal_i2c_ex.o
 .debug_info    0x0000f61e     0x1561 ./Drivers/STM32H7xx_HAL_Driver/stm32h7xx_hal_pcd.o
 .debug_info    0x00010b7f      0x8b3 ./Drivers/STM32H7xx_HAL_Driver/stm32h7xx_hal_pcd_ex.o
 .debug_info    0x00011432     0x1225 ./Drivers/STM32H7xx_HAL_Driver/stm32h7xx_hal_pwr_ex.o
 .debug_info    0x00012657      0xe67 ./Drivers/STM32H7xx_HAL_Driver/stm32h7xx_hal_rcc.o
 .debug_info    0x000134be     0x130f ./Drivers/STM32H7xx_HAL_Driver/stm32h7xx_hal_rcc_ex.o
 .debug_info    0x000147cd     0x1a93 ./Drivers/STM32H7xx_HAL_Driver/stm32h7xx_hal_sd.o
 .debug_info    0x00016260     0x144a ./Drivers/STM32H7xx_HAL_Driver/stm32h7xx_hal_spi.o
 .debug_info    0x000176aa     0x2bae ./Drivers/STM32H7xx_HAL_Driver/stm32h7xx_hal_tim.o
 .debug_info    0x0001a258     0x17eb ./Drivers/STM32H7xx_HAL_Driver/stm32h7xx_hal_tim_ex.o
 .debug_info    0x0001ba43     0x4b1d ./Drivers/STM32H7xx_HAL_Driver/stm32h7xx_hal_uart.o
 .debug_info    0x00020560      0xfbf ./Drivers/STM32H7xx_HAL_Driver/stm32h7xx_hal_uart_ex.o
 .debug_info    0x0002151f     0x142c ./Drivers/STM32H7xx_HAL_Driver/stm32h7xx_ll_sdmmc.o
 .debug_info    0x0002294b     0x1a1e ./Drivers/STM32H7xx_HAL_Driver/stm32h7xx_ll_usb.o
 .debug_info    0x00024369      0x4ff ./FATFS/App/fatfs.o
 .debug_info    0x00024868      0x8e9 ./FATFS/Target/bsp_driver_sd.o
 .debug_info    0x00025151      0x1e7 ./FATFS/Target/fatfs_platform.o
 .debug_info    0x00025338      0x4d3 ./FATFS/Target/sd_diskio.o
 .debug_info    0x0002580b      0x3a5 ./Middlewares/Third_Party/FatFs/ff_gen_drv.o

.debug_abbrev   0x00000000     0x4d1d
 .debug_abbrev  0x00000000      0x165 ./Common/Src/system_stm32h7xx_dualcore_boot_cm4_cm7.o
 .debug_abbrev  0x00000165      0x18a ./Core/Src/gpio.o
 .debug_abbrev  0x000002ef      0x28c ./Core/Src/i2c.o
 .debug_abbrev  0x0000057b      0x280 ./Core/Src/main.o
 .debug_abbrev  0x000007fb      0x207 ./Core/Src/sdmmc.o
 .debug_abbrev  0x00000a02      0x26b ./Core/Src/spi.o
 .debug_abbrev  0x00000c6d       0xdb ./Core/Src/stm32h7xx_hal_msp.o
 .debug_abbrev  0x00000d48       0x73 ./Core/Src/stm32h7xx_it.o
 .debug_abbrev  0x00000dbb      0x278 ./Core/Src/tim.o
 .debug_abbrev  0x00001033      0x262 ./Core/Src/usart.o
 .debug_abbrev  0x00001295      0x259 ./Core/Src/usb_otg.o
 .debug_abbrev  0x000014ee       0x24 ./Core/Startup/startup_stm32h757iitx.o
 .debug_abbrev  0x00001512      0x295 ./Drivers/STM32H7xx_HAL_Driver/stm32h7xx_hal.o
 .debug_abbrev  0x000017a7      0x339 ./Drivers/STM32H7xx_HAL_Driver/stm32h7xx_hal_cortex.o
 .debug_abbrev  0x00001ae0      0x205 ./Drivers/STM32H7xx_HAL_Driver/stm32h7xx_hal_gpio.o
 .debug_abbrev  0x00001ce5      0x1d3 ./Drivers/STM32H7xx_HAL_Driver/stm32h7xx_hal_hsem.o
 .debug_abbrev  0x00001eb8      0x25d ./Drivers/STM32H7xx_HAL_Driver/stm32h7xx_hal_i2c.o
 .debug_abbrev  0x00002115      0x1f5 ./Drivers/STM32H7xx_HAL_Driver/stm32h7xx_hal_i2c_ex.o
 .debug_abbrev  0x0000230a      0x2dc ./Drivers/STM32H7xx_HAL_Driver/stm32h7xx_hal_pcd.o
 .debug_abbrev  0x000025e6      0x256 ./Drivers/STM32H7xx_HAL_Driver/stm32h7xx_hal_pcd_ex.o
 .debug_abbrev  0x0000283c      0x2d7 ./Drivers/STM32H7xx_HAL_Driver/stm32h7xx_hal_pwr_ex.o
 .debug_abbrev  0x00002b13      0x2c8 ./Drivers/STM32H7xx_HAL_Driver/stm32h7xx_hal_rcc.o
 .debug_abbrev  0x00002ddb      0x269 ./Drivers/STM32H7xx_HAL_Driver/stm32h7xx_hal_rcc_ex.o
 .debug_abbrev  0x00003044      0x26b ./Drivers/STM32H7xx_HAL_Driver/stm32h7xx_hal_sd.o
 .debug_abbrev  0x000032af      0x2b1 ./Drivers/STM32H7xx_HAL_Driver/stm32h7xx_hal_spi.o
 .debug_abbrev  0x00003560      0x276 ./Drivers/STM32H7xx_HAL_Driver/stm32h7xx_hal_tim.o
 .debug_abbrev  0x000037d6      0x281 ./Drivers/STM32H7xx_HAL_Driver/stm32h7xx_hal_tim_ex.o
 .debug_abbrev  0x00003a57      0x33d ./Drivers/STM32H7xx_HAL_Driver/stm32h7xx_hal_uart.o
 .debug_abbrev  0x00003d94      0x2d2 ./Drivers/STM32H7xx_HAL_Driver/stm32h7xx_hal_uart_ex.o
 .debug_abbrev  0x00004066      0x206 ./Drivers/STM32H7xx_HAL_Driver/stm32h7xx_ll_sdmmc.o
 .debug_abbrev  0x0000426c      0x2b3 ./Drivers/STM32H7xx_HAL_Driver/stm32h7xx_ll_usb.o
 .debug_abbrev  0x0000451f      0x160 ./FATFS/App/fatfs.o
 .debug_abbrev  0x0000467f      0x260 ./FATFS/Target/bsp_driver_sd.o
 .debug_abbrev  0x000048df      0x10e ./FATFS/Target/fatfs_platform.o
 .debug_abbrev  0x000049ed      0x191 ./FATFS/Target/sd_diskio.o
 .debug_abbrev  0x00004b7e      0x19f ./Middlewares/Third_Party/FatFs/ff_gen_drv.o

.debug_aranges  0x00000000     0x1ea0
 .debug_aranges
                0x00000000       0x30 ./Common/Src/system_stm32h7xx_dualcore_boot_cm4_cm7.o
 .debug_aranges
                0x00000030       0x20 ./Core/Src/gpio.o
 .debug_aranges
                0x00000050       0x40 ./Core/Src/i2c.o
 .debug_aranges
                0x00000090       0x38 ./Core/Src/main.o
 .debug_aranges
                0x000000c8       0x30 ./Core/Src/sdmmc.o
 .debug_aranges
                0x000000f8       0x50 ./Core/Src/spi.o
 .debug_aranges
                0x00000148       0x20 ./Core/Src/stm32h7xx_hal_msp.o
 .debug_aranges
                0x00000168       0x60 ./Core/Src/stm32h7xx_it.o
 .debug_aranges
                0x000001c8       0x58 ./Core/Src/tim.o
 .debug_aranges
                0x00000220       0x68 ./Core/Src/usart.o
 .debug_aranges
                0x00000288       0x30 ./Core/Src/usb_otg.o
 .debug_aranges
                0x000002b8       0x28 ./Core/Startup/startup_stm32h757iitx.o
 .debug_aranges
                0x000002e0      0x200 ./Drivers/STM32H7xx_HAL_Driver/stm32h7xx_hal.o
 .debug_aranges
                0x000004e0      0x130 ./Drivers/STM32H7xx_HAL_Driver/stm32h7xx_hal_cortex.o
 .debug_aranges
                0x00000610       0x58 ./Drivers/STM32H7xx_HAL_Driver/stm32h7xx_hal_gpio.o
 .debug_aranges
                0x00000668       0x70 ./Drivers/STM32H7xx_HAL_Driver/stm32h7xx_hal_hsem.o
 .debug_aranges
                0x000006d8      0x2a0 ./Drivers/STM32H7xx_HAL_Driver/stm32h7xx_hal_i2c.o
 .debug_aranges
                0x00000978       0x48 ./Drivers/STM32H7xx_HAL_Driver/stm32h7xx_hal_i2c_ex.o
 .debug_aranges
                0x000009c0      0x140 ./Drivers/STM32H7xx_HAL_Driver/stm32h7xx_hal_pcd.o
 .debug_aranges
                0x00000b00       0x60 ./Drivers/STM32H7xx_HAL_Driver/stm32h7xx_hal_pcd_ex.o
 .debug_aranges
                0x00000b60      0x170 ./Drivers/STM32H7xx_HAL_Driver/stm32h7xx_hal_pwr_ex.o
 .debug_aranges
                0x00000cd0       0x88 ./Drivers/STM32H7xx_HAL_Driver/stm32h7xx_hal_rcc.o
 .debug_aranges
                0x00000d58      0x100 ./Drivers/STM32H7xx_HAL_Driver/stm32h7xx_hal_rcc_ex.o
 .debug_aranges
                0x00000e58      0x170 ./Drivers/STM32H7xx_HAL_Driver/stm32h7xx_hal_sd.o
 .debug_aranges
                0x00000fc8      0x1a8 ./Drivers/STM32H7xx_HAL_Driver/stm32h7xx_hal_spi.o
 .debug_aranges
                0x00001170      0x3e0 ./Drivers/STM32H7xx_HAL_Driver/stm32h7xx_hal_tim.o
 .debug_aranges
                0x00001550      0x188 ./Drivers/STM32H7xx_HAL_Driver/stm32h7xx_hal_tim_ex.o
 .debug_aranges
                0x000016d8      0x248 ./Drivers/STM32H7xx_HAL_Driver/stm32h7xx_hal_uart.o
 .debug_aranges
                0x00001920       0xa8 ./Drivers/STM32H7xx_HAL_Driver/stm32h7xx_hal_uart_ex.o
 .debug_aranges
                0x000019c8      0x1d0 ./Drivers/STM32H7xx_HAL_Driver/stm32h7xx_ll_sdmmc.o
 .debug_aranges
                0x00001b98      0x1a0 ./Drivers/STM32H7xx_HAL_Driver/stm32h7xx_ll_usb.o
 .debug_aranges
                0x00001d38       0x28 ./FATFS/App/fatfs.o
 .debug_aranges
                0x00001d60       0x98 ./FATFS/Target/bsp_driver_sd.o
 .debug_aranges
                0x00001df8       0x20 ./FATFS/Target/fatfs_platform.o
 .debug_aranges
                0x00001e18       0x48 ./FATFS/Target/sd_diskio.o
 .debug_aranges
                0x00001e60       0x40 ./Middlewares/Third_Party/FatFs/ff_gen_drv.o

.debug_rnglists
                0x00000000     0x17c8
 .debug_rnglists
                0x00000000       0x21 ./Common/Src/system_stm32h7xx_dualcore_boot_cm4_cm7.o
 .debug_rnglists
                0x00000021       0x14 ./Core/Src/gpio.o
 .debug_rnglists
                0x00000035       0x30 ./Core/Src/i2c.o
 .debug_rnglists
                0x00000065       0x27 ./Core/Src/main.o
 .debug_rnglists
                0x0000008c       0x20 ./Core/Src/sdmmc.o
 .debug_rnglists
                0x000000ac       0x3e ./Core/Src/spi.o
 .debug_rnglists
                0x000000ea       0x13 ./Core/Src/stm32h7xx_hal_msp.o
 .debug_rnglists
                0x000000fd       0x43 ./Core/Src/stm32h7xx_it.o
 .debug_rnglists
                0x00000140       0x45 ./Core/Src/tim.o
 .debug_rnglists
                0x00000185       0x53 ./Core/Src/usart.o
 .debug_rnglists
                0x000001d8       0x20 ./Core/Src/usb_otg.o
 .debug_rnglists
                0x000001f8       0x19 ./Core/Startup/startup_stm32h757iitx.o
 .debug_rnglists
                0x00000211      0x180 ./Drivers/STM32H7xx_HAL_Driver/stm32h7xx_hal.o
 .debug_rnglists
                0x00000391       0xe0 ./Drivers/STM32H7xx_HAL_Driver/stm32h7xx_hal_cortex.o
 .debug_rnglists
                0x00000471       0x3f ./Drivers/STM32H7xx_HAL_Driver/stm32h7xx_hal_gpio.o
 .debug_rnglists
                0x000004b0       0x4f ./Drivers/STM32H7xx_HAL_Driver/stm32h7xx_hal_hsem.o
 .debug_rnglists
                0x000004ff      0x22a ./Drivers/STM32H7xx_HAL_Driver/stm32h7xx_hal_i2c.o
 .debug_rnglists
                0x00000729       0x35 ./Drivers/STM32H7xx_HAL_Driver/stm32h7xx_hal_i2c_ex.o
 .debug_rnglists
                0x0000075e       0xf4 ./Drivers/STM32H7xx_HAL_Driver/stm32h7xx_hal_pcd.o
 .debug_rnglists
                0x00000852       0x45 ./Drivers/STM32H7xx_HAL_Driver/stm32h7xx_hal_pcd_ex.o
 .debug_rnglists
                0x00000897      0x117 ./Drivers/STM32H7xx_HAL_Driver/stm32h7xx_hal_pwr_ex.o
 .debug_rnglists
                0x000009ae       0x68 ./Drivers/STM32H7xx_HAL_Driver/stm32h7xx_hal_rcc.o
 .debug_rnglists
                0x00000a16       0xc6 ./Drivers/STM32H7xx_HAL_Driver/stm32h7xx_hal_rcc_ex.o
 .debug_rnglists
                0x00000adc      0x128 ./Drivers/STM32H7xx_HAL_Driver/stm32h7xx_hal_sd.o
 .debug_rnglists
                0x00000c04      0x148 ./Drivers/STM32H7xx_HAL_Driver/stm32h7xx_hal_spi.o
 .debug_rnglists
                0x00000d4c      0x328 ./Drivers/STM32H7xx_HAL_Driver/stm32h7xx_hal_tim.o
 .debug_rnglists
                0x00001074      0x13f ./Drivers/STM32H7xx_HAL_Driver/stm32h7xx_hal_tim_ex.o
 .debug_rnglists
                0x000011b3      0x1fa ./Drivers/STM32H7xx_HAL_Driver/stm32h7xx_hal_uart.o
 .debug_rnglists
                0x000013ad       0x7f ./Drivers/STM32H7xx_HAL_Driver/stm32h7xx_hal_uart_ex.o
 .debug_rnglists
                0x0000142c      0x15e ./Drivers/STM32H7xx_HAL_Driver/stm32h7xx_ll_sdmmc.o
 .debug_rnglists
                0x0000158a      0x147 ./Drivers/STM32H7xx_HAL_Driver/stm32h7xx_ll_usb.o
 .debug_rnglists
                0x000016d1       0x19 ./FATFS/App/fatfs.o
 .debug_rnglists
                0x000016ea       0x6d ./FATFS/Target/bsp_driver_sd.o
 .debug_rnglists
                0x00001757       0x13 ./FATFS/Target/fatfs_platform.o
 .debug_rnglists
                0x0000176a       0x32 ./FATFS/Target/sd_diskio.o
 .debug_rnglists
                0x0000179c       0x2c ./Middlewares/Third_Party/FatFs/ff_gen_drv.o

.debug_macro    0x00000000    0x4617c
 .debug_macro   0x00000000      0x313 ./Common/Src/system_stm32h7xx_dualcore_boot_cm4_cm7.o
 .debug_macro   0x00000313      0xafc ./Common/Src/system_stm32h7xx_dualcore_boot_cm4_cm7.o
 .debug_macro   0x00000e0f       0x2e ./Common/Src/system_stm32h7xx_dualcore_boot_cm4_cm7.o
 .debug_macro   0x00000e3d       0x49 ./Common/Src/system_stm32h7xx_dualcore_boot_cm4_cm7.o
 .debug_macro   0x00000e86       0x22 ./Common/Src/system_stm32h7xx_dualcore_boot_cm4_cm7.o
 .debug_macro   0x00000ea8       0x8e ./Common/Src/system_stm32h7xx_dualcore_boot_cm4_cm7.o
 .debug_macro   0x00000f36       0x51 ./Common/Src/system_stm32h7xx_dualcore_boot_cm4_cm7.o
 .debug_macro   0x00000f87      0x103 ./Common/Src/system_stm32h7xx_dualcore_boot_cm4_cm7.o
 .debug_macro   0x0000108a       0x6a ./Common/Src/system_stm32h7xx_dualcore_boot_cm4_cm7.o
 .debug_macro   0x000010f4      0x1df ./Common/Src/system_stm32h7xx_dualcore_boot_cm4_cm7.o
 .debug_macro   0x000012d3       0x1c ./Common/Src/system_stm32h7xx_dualcore_boot_cm4_cm7.o
 .debug_macro   0x000012ef       0x22 ./Common/Src/system_stm32h7xx_dualcore_boot_cm4_cm7.o
 .debug_macro   0x00001311       0xfb ./Common/Src/system_stm32h7xx_dualcore_boot_cm4_cm7.o
 .debug_macro   0x0000140c     0x1305 ./Common/Src/system_stm32h7xx_dualcore_boot_cm4_cm7.o
 .debug_macro   0x00002711      0x11f ./Common/Src/system_stm32h7xx_dualcore_boot_cm4_cm7.o
 .debug_macro   0x00002830       0x27 ./Common/Src/system_stm32h7xx_dualcore_boot_cm4_cm7.o
 .debug_macro   0x00002857    0x2d076 ./Common/Src/system_stm32h7xx_dualcore_boot_cm4_cm7.o
 .debug_macro   0x0002f8cd       0x6d ./Common/Src/system_stm32h7xx_dualcore_boot_cm4_cm7.o
 .debug_macro   0x0002f93a      0x24a ./Common/Src/system_stm32h7xx_dualcore_boot_cm4_cm7.o
 .debug_macro   0x0002fb84     0x3d79 ./Common/Src/system_stm32h7xx_dualcore_boot_cm4_cm7.o
 .debug_macro   0x000338fd      0x190 ./Common/Src/system_stm32h7xx_dualcore_boot_cm4_cm7.o
 .debug_macro   0x00033a8d       0x61 ./Common/Src/system_stm32h7xx_dualcore_boot_cm4_cm7.o
 .debug_macro   0x00033aee       0x29 ./Common/Src/system_stm32h7xx_dualcore_boot_cm4_cm7.o
 .debug_macro   0x00033b17       0x43 ./Common/Src/system_stm32h7xx_dualcore_boot_cm4_cm7.o
 .debug_macro   0x00033b5a       0x34 ./Common/Src/system_stm32h7xx_dualcore_boot_cm4_cm7.o
 .debug_macro   0x00033b8e      0x370 ./Common/Src/system_stm32h7xx_dualcore_boot_cm4_cm7.o
 .debug_macro   0x00033efe       0x16 ./Common/Src/system_stm32h7xx_dualcore_boot_cm4_cm7.o
 .debug_macro   0x00033f14       0x4a ./Common/Src/system_stm32h7xx_dualcore_boot_cm4_cm7.o
 .debug_macro   0x00033f5e       0x34 ./Common/Src/system_stm32h7xx_dualcore_boot_cm4_cm7.o
 .debug_macro   0x00033f92       0x10 ./Common/Src/system_stm32h7xx_dualcore_boot_cm4_cm7.o
 .debug_macro   0x00033fa2       0x58 ./Common/Src/system_stm32h7xx_dualcore_boot_cm4_cm7.o
 .debug_macro   0x00033ffa       0x8e ./Common/Src/system_stm32h7xx_dualcore_boot_cm4_cm7.o
 .debug_macro   0x00034088       0x1c ./Common/Src/system_stm32h7xx_dualcore_boot_cm4_cm7.o
 .debug_macro   0x000340a4      0x185 ./Common/Src/system_stm32h7xx_dualcore_boot_cm4_cm7.o
 .debug_macro   0x00034229      0x19b ./Common/Src/system_stm32h7xx_dualcore_boot_cm4_cm7.o
 .debug_macro   0x000343c4       0x5d ./Common/Src/system_stm32h7xx_dualcore_boot_cm4_cm7.o
 .debug_macro   0x00034421     0x3bdf ./Common/Src/system_stm32h7xx_dualcore_boot_cm4_cm7.o
 .debug_macro   0x00038000     0x1095 ./Common/Src/system_stm32h7xx_dualcore_boot_cm4_cm7.o
 .debug_macro   0x00039095      0x154 ./Common/Src/system_stm32h7xx_dualcore_boot_cm4_cm7.o
 .debug_macro   0x000391e9      0x130 ./Common/Src/system_stm32h7xx_dualcore_boot_cm4_cm7.o
 .debug_macro   0x00039319      0x3c9 ./Common/Src/system_stm32h7xx_dualcore_boot_cm4_cm7.o
 .debug_macro   0x000396e2       0xac ./Common/Src/system_stm32h7xx_dualcore_boot_cm4_cm7.o
 .debug_macro   0x0003978e      0x72d ./Common/Src/system_stm32h7xx_dualcore_boot_cm4_cm7.o
 .debug_macro   0x00039ebb      0x228 ./Common/Src/system_stm32h7xx_dualcore_boot_cm4_cm7.o
 .debug_macro   0x0003a0e3       0x66 ./Common/Src/system_stm32h7xx_dualcore_boot_cm4_cm7.o
 .debug_macro   0x0003a149      0x3c9 ./Common/Src/system_stm32h7xx_dualcore_boot_cm4_cm7.o
 .debug_macro   0x0003a512      0x407 ./Common/Src/system_stm32h7xx_dualcore_boot_cm4_cm7.o
 .debug_macro   0x0003a919      0x27c ./Common/Src/system_stm32h7xx_dualcore_boot_cm4_cm7.o
 .debug_macro   0x0003ab95      0x3ca ./Common/Src/system_stm32h7xx_dualcore_boot_cm4_cm7.o
 .debug_macro   0x0003af5f      0x4a2 ./Common/Src/system_stm32h7xx_dualcore_boot_cm4_cm7.o
 .debug_macro   0x0003b401       0x51 ./Common/Src/system_stm32h7xx_dualcore_boot_cm4_cm7.o
 .debug_macro   0x0003b452       0x4a ./Common/Src/system_stm32h7xx_dualcore_boot_cm4_cm7.o
 .debug_macro   0x0003b49c      0x22c ./Common/Src/system_stm32h7xx_dualcore_boot_cm4_cm7.o
 .debug_macro   0x0003b6c8       0x67 ./Common/Src/system_stm32h7xx_dualcore_boot_cm4_cm7.o
 .debug_macro   0x0003b72f       0xa5 ./Common/Src/system_stm32h7xx_dualcore_boot_cm4_cm7.o
 .debug_macro   0x0003b7d4      0x218 ./Common/Src/system_stm32h7xx_dualcore_boot_cm4_cm7.o
 .debug_macro   0x0003b9ec      0x2ea ./Common/Src/system_stm32h7xx_dualcore_boot_cm4_cm7.o
 .debug_macro   0x0003bcd6       0x35 ./Common/Src/system_stm32h7xx_dualcore_boot_cm4_cm7.o
 .debug_macro   0x0003bd0b      0xa0c ./Common/Src/system_stm32h7xx_dualcore_boot_cm4_cm7.o
 .debug_macro   0x0003c717       0x16 ./Common/Src/system_stm32h7xx_dualcore_boot_cm4_cm7.o
 .debug_macro   0x0003c72d      0x1ce ./Common/Src/system_stm32h7xx_dualcore_boot_cm4_cm7.o
 .debug_macro   0x0003c8fb      0x5e4 ./Common/Src/system_stm32h7xx_dualcore_boot_cm4_cm7.o
 .debug_macro   0x0003cedf       0xc1 ./Common/Src/system_stm32h7xx_dualcore_boot_cm4_cm7.o
 .debug_macro   0x0003cfa0      0xafa ./Common/Src/system_stm32h7xx_dualcore_boot_cm4_cm7.o
 .debug_macro   0x0003da9a      0x29f ./Common/Src/system_stm32h7xx_dualcore_boot_cm4_cm7.o
 .debug_macro   0x0003dd39      0x693 ./Common/Src/system_stm32h7xx_dualcore_boot_cm4_cm7.o
 .debug_macro   0x0003e3cc       0xa6 ./Common/Src/system_stm32h7xx_dualcore_boot_cm4_cm7.o
 .debug_macro   0x0003e472      0x293 ./Common/Src/system_stm32h7xx_dualcore_boot_cm4_cm7.o
 .debug_macro   0x0003e705       0x90 ./Common/Src/system_stm32h7xx_dualcore_boot_cm4_cm7.o
 .debug_macro   0x0003e795      0x7a4 ./Common/Src/system_stm32h7xx_dualcore_boot_cm4_cm7.o
 .debug_macro   0x0003ef39      0x32c ./Core/Src/gpio.o
 .debug_macro   0x0003f265      0x32c ./Core/Src/i2c.o
 .debug_macro   0x0003f591      0x421 ./Core/Src/main.o
 .debug_macro   0x0003f9b2       0x1c ./Core/Src/main.o
 .debug_macro   0x0003f9ce       0x40 ./Core/Src/main.o
 .debug_macro   0x0003fa0e       0xe5 ./Core/Src/main.o
 .debug_macro   0x0003faf3       0x16 ./Core/Src/main.o
 .debug_macro   0x0003fb09       0x16 ./Core/Src/main.o
 .debug_macro   0x0003fb1f       0x29 ./Core/Src/main.o
 .debug_macro   0x0003fb48       0x12 ./Core/Src/main.o
 .debug_macro   0x0003fb5a       0xe2 ./Core/Src/main.o
 .debug_macro   0x0003fc3c       0x8e ./Core/Src/main.o
 .debug_macro   0x0003fcca      0x32c ./Core/Src/sdmmc.o
 .debug_macro   0x0003fff6      0x32c ./Core/Src/spi.o
 .debug_macro   0x00040322      0x322 ./Core/Src/stm32h7xx_hal_msp.o
 .debug_macro   0x00040644      0x32c ./Core/Src/stm32h7xx_it.o
 .debug_macro   0x00040970      0x32c ./Core/Src/tim.o
 .debug_macro   0x00040c9c      0x32c ./Core/Src/usart.o
 .debug_macro   0x00040fc8      0x32c ./Core/Src/usb_otg.o
 .debug_macro   0x000412f4      0x33d ./Drivers/STM32H7xx_HAL_Driver/stm32h7xx_hal.o
 .debug_macro   0x00041631      0x313 ./Drivers/STM32H7xx_HAL_Driver/stm32h7xx_hal_cortex.o
 .debug_macro   0x00041944      0x327 ./Drivers/STM32H7xx_HAL_Driver/stm32h7xx_hal_gpio.o
 .debug_macro   0x00041c6b      0x325 ./Drivers/STM32H7xx_HAL_Driver/stm32h7xx_hal_hsem.o
 .debug_macro   0x00041f90      0x3df ./Drivers/STM32H7xx_HAL_Driver/stm32h7xx_hal_i2c.o
 .debug_macro   0x0004236f      0x313 ./Drivers/STM32H7xx_HAL_Driver/stm32h7xx_hal_i2c_ex.o
 .debug_macro   0x00042682      0x31f ./Drivers/STM32H7xx_HAL_Driver/stm32h7xx_hal_pcd.o
 .debug_macro   0x000429a1      0x313 ./Drivers/STM32H7xx_HAL_Driver/stm32h7xx_hal_pcd_ex.o
 .debug_macro   0x00042cb4      0x34c ./Drivers/STM32H7xx_HAL_Driver/stm32h7xx_hal_pwr_ex.o
 .debug_macro   0x00043000      0x337 ./Drivers/STM32H7xx_HAL_Driver/stm32h7xx_hal_rcc.o
 .debug_macro   0x00043337      0x331 ./Drivers/STM32H7xx_HAL_Driver/stm32h7xx_hal_rcc_ex.o
 .debug_macro   0x00043668      0x330 ./Drivers/STM32H7xx_HAL_Driver/stm32h7xx_hal_sd.o
 .debug_macro   0x00043998      0x31b ./Drivers/STM32H7xx_HAL_Driver/stm32h7xx_hal_spi.o
 .debug_macro   0x00043cb3      0x314 ./Drivers/STM32H7xx_HAL_Driver/stm32h7xx_hal_tim.o
 .debug_macro   0x00043fc7      0x313 ./Drivers/STM32H7xx_HAL_Driver/stm32h7xx_hal_tim_ex.o
 .debug_macro   0x000442da      0x33e ./Drivers/STM32H7xx_HAL_Driver/stm32h7xx_hal_uart.o
 .debug_macro   0x00044618      0x31f ./Drivers/STM32H7xx_HAL_Driver/stm32h7xx_hal_uart_ex.o
 .debug_macro   0x00044937      0x314 ./Drivers/STM32H7xx_HAL_Driver/stm32h7xx_ll_sdmmc.o
 .debug_macro   0x00044c4b      0x313 ./Drivers/STM32H7xx_HAL_Driver/stm32h7xx_ll_usb.o
 .debug_macro   0x00044f5e      0x3c7 ./FATFS/App/fatfs.o
 .debug_macro   0x00045325      0x32b ./FATFS/Target/bsp_driver_sd.o
 .debug_macro   0x00045650      0x31c ./FATFS/Target/fatfs_platform.o
 .debug_macro   0x0004596c      0x3ca ./FATFS/Target/sd_diskio.o
 .debug_macro   0x00045d36       0x16 ./FATFS/Target/sd_diskio.o
 .debug_macro   0x00045d4c       0x7c ./FATFS/Target/sd_diskio.o
 .debug_macro   0x00045dc8      0x3b4 ./Middlewares/Third_Party/FatFs/ff_gen_drv.o

.debug_line     0x00000000    0x2ce4f
 .debug_line    0x00000000      0xc2a ./Common/Src/system_stm32h7xx_dualcore_boot_cm4_cm7.o
 .debug_line    0x00000c2a      0xa7e ./Core/Src/gpio.o
 .debug_line    0x000016a8      0xb9d ./Core/Src/i2c.o
 .debug_line    0x00002245      0xc47 ./Core/Src/main.o
 .debug_line    0x00002e8c      0xa58 ./Core/Src/sdmmc.o
 .debug_line    0x000038e4      0xd19 ./Core/Src/spi.o
 .debug_line    0x000045fd      0x9c1 ./Core/Src/stm32h7xx_hal_msp.o
 .debug_line    0x00004fbe      0xa71 ./Core/Src/stm32h7xx_it.o
 .debug_line    0x00005a2f      0xe91 ./Core/Src/tim.o
 .debug_line    0x000068c0      0xf5f ./Core/Src/usart.o
 .debug_line    0x0000781f      0xa52 ./Core/Src/usb_otg.o
 .debug_line    0x00008271       0x7b ./Core/Startup/startup_stm32h757iitx.o
 .debug_line    0x000082ec     0x1137 ./Drivers/STM32H7xx_HAL_Driver/stm32h7xx_hal.o
 .debug_line    0x00009423      0xfce ./Drivers/STM32H7xx_HAL_Driver/stm32h7xx_hal_cortex.o
 .debug_line    0x0000a3f1      0xe61 ./Drivers/STM32H7xx_HAL_Driver/stm32h7xx_hal_gpio.o
 .debug_line    0x0000b252      0xb76 ./Drivers/STM32H7xx_HAL_Driver/stm32h7xx_hal_hsem.o
 .debug_line    0x0000bdc8     0x3d4f ./Drivers/STM32H7xx_HAL_Driver/stm32h7xx_hal_i2c.o
 .debug_line    0x0000fb17      0xb66 ./Drivers/STM32H7xx_HAL_Driver/stm32h7xx_hal_i2c_ex.o
 .debug_line    0x0001067d     0x1740 ./Drivers/STM32H7xx_HAL_Driver/stm32h7xx_hal_pcd.o
 .debug_line    0x00011dbd      0xc06 ./Drivers/STM32H7xx_HAL_Driver/stm32h7xx_hal_pcd_ex.o
 .debug_line    0x000129c3     0x12a1 ./Drivers/STM32H7xx_HAL_Driver/stm32h7xx_hal_pwr_ex.o
 .debug_line    0x00013c64     0x167f ./Drivers/STM32H7xx_HAL_Driver/stm32h7xx_hal_rcc.o
 .debug_line    0x000152e3     0x1fd6 ./Drivers/STM32H7xx_HAL_Driver/stm32h7xx_hal_rcc_ex.o
 .debug_line    0x000172b9     0x22dc ./Drivers/STM32H7xx_HAL_Driver/stm32h7xx_hal_sd.o
 .debug_line    0x00019595     0x236a ./Drivers/STM32H7xx_HAL_Driver/stm32h7xx_hal_spi.o
 .debug_line    0x0001b8ff     0x412c ./Drivers/STM32H7xx_HAL_Driver/stm32h7xx_hal_tim.o
 .debug_line    0x0001fa2b     0x1e9e ./Drivers/STM32H7xx_HAL_Driver/stm32h7xx_hal_tim_ex.o
 .debug_line    0x000218c9     0x3a5f ./Drivers/STM32H7xx_HAL_Driver/stm32h7xx_hal_uart.o
 .debug_line    0x00025328      0xf6e ./Drivers/STM32H7xx_HAL_Driver/stm32h7xx_hal_uart_ex.o
 .debug_line    0x00026296     0x1465 ./Drivers/STM32H7xx_HAL_Driver/stm32h7xx_ll_sdmmc.o
 .debug_line    0x000276fb     0x1ff4 ./Drivers/STM32H7xx_HAL_Driver/stm32h7xx_ll_usb.o
 .debug_line    0x000296ef      0xaae ./FATFS/App/fatfs.o
 .debug_line    0x0002a19d      0xbc1 ./FATFS/Target/bsp_driver_sd.o
 .debug_line    0x0002ad5e      0x9dc ./FATFS/Target/fatfs_platform.o
 .debug_line    0x0002b73a      0xba1 ./FATFS/Target/sd_diskio.o
 .debug_line    0x0002c2db      0xb74 ./Middlewares/Third_Party/FatFs/ff_gen_drv.o

.debug_str      0x00000000   0x1b3602
 .debug_str     0x00000000   0x1b3602 ./Common/Src/system_stm32h7xx_dualcore_boot_cm4_cm7.o
                             0x1a87ad (size before relaxing)
 .debug_str     0x001b3602   0x1a8edc ./Core/Src/gpio.o
 .debug_str     0x001b3602   0x1a989e ./Core/Src/i2c.o
 .debug_str     0x001b3602   0x1a9c6f ./Core/Src/main.o
 .debug_str     0x001b3602   0x1a955f ./Core/Src/sdmmc.o
 .debug_str     0x001b3602   0x1a98c5 ./Core/Src/spi.o
 .debug_str     0x001b3602   0x1a8df3 ./Core/Src/stm32h7xx_hal_msp.o
 .debug_str     0x001b3602   0x1a8c52 ./Core/Src/stm32h7xx_it.o
 .debug_str     0x001b3602   0x1a9837 ./Core/Src/tim.o
 .debug_str     0x001b3602   0x1a992d ./Core/Src/usart.o
 .debug_str     0x001b3602   0x1a9709 ./Core/Src/usb_otg.o
 .debug_str     0x001b3602       0x8f ./Core/Startup/startup_stm32h757iitx.o
 .debug_str     0x001b3602   0x1a9823 ./Drivers/STM32H7xx_HAL_Driver/stm32h7xx_hal.o
 .debug_str     0x001b3602   0x1a908a ./Drivers/STM32H7xx_HAL_Driver/stm32h7xx_hal_cortex.o
 .debug_str     0x001b3602   0x1a870c ./Drivers/STM32H7xx_HAL_Driver/stm32h7xx_hal_gpio.o
 .debug_str     0x001b3602   0x1a8397 ./Drivers/STM32H7xx_HAL_Driver/stm32h7xx_hal_hsem.o