../Core/Src/MS5611.c:81:13:ms5611_init	8	static
../Core/Src/MS5611.c:97:13:ms5611_write	16	static
../Core/Src/MS5611.c:104:17:ms5611_read16bits	32	static
../Core/Src/MS5611.c:121:17:ms5611_read24bits	32	static
../Core/Src/MS5611.c:132:17:ms5611_readRawTemp	16	static
../Core/Src/MS5611.c:145:17:ms5611_readRawPressure	16	static
../Core/Src/MS5611.c:158:6:Barometer_init	8	static
../Core/Src/MS5611.c:163:6:Barometer_setOSR	16	static
../Core/Src/MS5611.c:196:9:Barometer_getTemp	16	static
../Core/Src/MS5611.c:205:9:Barometer_getPressure	16	static
../Core/Src/MS5611.c:214:7:Barometer_getAltitude	16	static
../Core/Src/MS5611.c:223:6:Barometer_calculate	368	static
