../Core/Src/MS5607SPI.c:31:20:MS5607_Init	24	static
../Core/Src/MS5607SPI.c:51:6:MS5607PromRead	32	static
../Core/Src/MS5607SPI.c:80:6:MS5607UncompensatedRead	24	static
../Core/Src/MS5607SPI.c:149:6:MS5607Convert	376	static
../Core/Src/MS5607SPI.c:184:6:MS5607Update	8	static
../Core/Src/MS5607SPI.c:190:8:MS5607GetTemperatureC	4	static
../Core/Src/MS5607SPI.c:195:9:MS5607GetPressurePa	4	static
../Core/Src/MS5607SPI.c:200:6:enableCSB	8	static
../Core/Src/MS5607SPI.c:205:6:disableCSB	8	static
../Core/Src/MS5607SPI.c:210:6:MS5607SetTemperatureOSR	16	static
../Core/Src/MS5607SPI.c:215:6:MS5607SetPressureOSR	16	static
